###############################################################################
#
# IAR ELF Linker V8.40.1.212/W32 for ARM                  05/Aug/2020  17:03:22
# Copyright 2007-2019 IAR Systems AB.
#
#    Output file  =
#        Z:\Git\STM32F103C8-Playground\Various_IAR_STM32\Debug\Exe\ProjectFile.out
#    Map file     =
#        Z:\Git\STM32F103C8-Playground\Various_IAR_STM32\Debug\List\ProjectFile.map
#    Command line =
#        -f C:\Users\test\AppData\Local\Temp\EWAD06.tmp
#        (Z:\Git\STM32F103C8-Playground\Various_IAR_STM32\Debug\Obj\DS18B20.o
#        Z:\Git\STM32F103C8-Playground\Various_IAR_STM32\Debug\Obj\GlobalHelperFunctions.o
#        Z:\Git\STM32F103C8-Playground\Various_IAR_STM32\Debug\Obj\main.o
#        Z:\Git\STM32F103C8-Playground\Various_IAR_STM32\Debug\Obj\ROM_CODE.o
#        Z:\Git\STM32F103C8-Playground\Various_IAR_STM32\Debug\Obj\startup_stm32f103xb.o
#        Z:\Git\STM32F103C8-Playground\Various_IAR_STM32\Debug\Obj\system_stm32f1xx.o
#        --no_out_extension -o
#        Z:\Git\STM32F103C8-Playground\Various_IAR_STM32\Debug\Exe\ProjectFile.out
#        --redirect _Printf=_PrintfFullNoMb --redirect _Scanf=_ScanfFullNoMb
#        --map
#        Z:\Git\STM32F103C8-Playground\Various_IAR_STM32\Debug\List\ProjectFile.map
#        --config "C:\Program Files (x86)\IAR Systems\Embedded Workbench
#        8.3\arm\config\linker\ST\stm32f103x8.icf" --semihosting --entry
#        __iar_program_start --vfe --text_out locale)
#
###############################################################################

*******************************************************************************
*** RUNTIME MODEL ATTRIBUTES
***

CppFlavor       = *
__SystemLibrary = DLib
__dlib_version  = 6


*******************************************************************************
*** HEAP SELECTION
***

The basic heap was selected because no calls to memory allocation
functions were found in the application outside of system library
functions, and there are calls to deallocation functions in the
application.


*******************************************************************************
*** PLACEMENT SUMMARY
***

"A0":  place at address 0x800'0000 { ro section .intvec };
"P1":  place in [from 0x800'0000 to 0x800'ffff] { ro };
define block CSTACK with size = 2K, alignment = 8 { };
define block HEAP with size = 2K, alignment = 8 { };
"P2":  place in [from 0x2000'0000 to 0x2000'4fff] {
          rw, block CSTACK, block HEAP };
initialize by copy { rw };

  Section            Kind         Address   Size  Object
  -------            ----         -------   ----  ------
"A0":                                       0xec
  .intvec            ro code   0x800'0000   0xec  startup_stm32f103xb.o [1]
                             - 0x800'00ec   0xec

"P1":                                      0x727
  .text              ro code   0x800'00ec  0x2a0  DS18B20.o [1]
  .text              ro code   0x800'038c   0x22  I64Shl.o [3]
  .text              ro code   0x800'03b0   0xa4  ROM_CODE.o [1]
  .text              ro code   0x800'0454   0x1e  U64Shr.o [3]
  .text              ro code   0x800'0474   0xf4  system_stm32f1xx.o [1]
  .text              ro code   0x800'0568   0x90  GlobalHelperFunctions.o [1]
  .text              ro code   0x800'05f8   0x60  main.o [1]
  .text              ro code   0x800'0658   0x38  packbits_init_single.o [3]
  .text              ro code   0x800'0690   0x28  data_init.o [3]
  .iar.init_table    const     0x800'06b8   0x10  - Linker created -
  .text              ro code   0x800'06c8   0x1e  cmain.o [3]
  .text              ro code   0x800'06e6    0x4  low_level_init.o [2]
  .text              ro code   0x800'06ea    0x4  exit.o [2]
  .text              ro code   0x800'06f0    0xa  cexit.o [3]
  .text              ro code   0x800'06fc   0x14  exit.o [4]
  .rodata            const     0x800'0710   0x10  system_stm32f1xx.o [1]
  .text              ro code   0x800'0720   0x10  startup_stm32f103xb.o [1]
  .text              ro code   0x800'0730    0xc  cstartup_M.o [3]
  .text              ro code   0x800'073c    0x4  startup_stm32f103xb.o [1]
  .text              ro code   0x800'0740    0x4  startup_stm32f103xb.o [1]
  .text              ro code   0x800'0744    0x4  startup_stm32f103xb.o [1]
  .text              ro code   0x800'0748    0x4  startup_stm32f103xb.o [1]
  .text              ro code   0x800'074c    0x4  startup_stm32f103xb.o [1]
  .text              ro code   0x800'0750    0x4  startup_stm32f103xb.o [1]
  .text              ro code   0x800'0754    0x4  startup_stm32f103xb.o [1]
  .text              ro code   0x800'0758    0x4  startup_stm32f103xb.o [1]
  .text              ro code   0x800'075c    0x4  startup_stm32f103xb.o [1]
  .text              ro code   0x800'0760    0x4  startup_stm32f103xb.o [1]
  .text              ro code   0x800'0764    0x4  startup_stm32f103xb.o [1]
  .text              ro code   0x800'0768    0x4  startup_stm32f103xb.o [1]
  .text              ro code   0x800'076c    0x4  startup_stm32f103xb.o [1]
  .text              ro code   0x800'0770    0x4  startup_stm32f103xb.o [1]
  .text              ro code   0x800'0774    0x4  startup_stm32f103xb.o [1]
  .text              ro code   0x800'0778    0x4  startup_stm32f103xb.o [1]
  .text              ro code   0x800'077c    0x4  startup_stm32f103xb.o [1]
  .text              ro code   0x800'0780    0x4  startup_stm32f103xb.o [1]
  .text              ro code   0x800'0784    0x4  startup_stm32f103xb.o [1]
  .text              ro code   0x800'0788    0x4  startup_stm32f103xb.o [1]
  .text              ro code   0x800'078c    0x4  startup_stm32f103xb.o [1]
  .text              ro code   0x800'0790    0x4  startup_stm32f103xb.o [1]
  .text              ro code   0x800'0794    0x4  startup_stm32f103xb.o [1]
  .text              ro code   0x800'0798    0x4  startup_stm32f103xb.o [1]
  .text              ro code   0x800'079c    0x4  startup_stm32f103xb.o [1]
  .text              ro code   0x800'07a0    0x4  startup_stm32f103xb.o [1]
  .text              ro code   0x800'07a4    0x4  startup_stm32f103xb.o [1]
  .text              ro code   0x800'07a8    0x4  startup_stm32f103xb.o [1]
  .text              ro code   0x800'07ac    0x4  startup_stm32f103xb.o [1]
  .text              ro code   0x800'07b0    0x4  startup_stm32f103xb.o [1]
  .text              ro code   0x800'07b4    0x4  startup_stm32f103xb.o [1]
  .text              ro code   0x800'07b8    0x4  startup_stm32f103xb.o [1]
  .text              ro code   0x800'07bc    0x4  startup_stm32f103xb.o [1]
  .text              ro code   0x800'07c0    0x4  startup_stm32f103xb.o [1]
  .text              ro code   0x800'07c4    0x4  startup_stm32f103xb.o [1]
  .text              ro code   0x800'07c8    0x4  startup_stm32f103xb.o [1]
  .text              ro code   0x800'07cc    0x4  startup_stm32f103xb.o [1]
  .text              ro code   0x800'07d0    0x4  startup_stm32f103xb.o [1]
  .text              ro code   0x800'07d4    0x4  startup_stm32f103xb.o [1]
  .text              ro code   0x800'07d8    0x4  startup_stm32f103xb.o [1]
  .text              ro code   0x800'07dc    0x4  startup_stm32f103xb.o [1]
  .text              ro code   0x800'07e0    0x4  startup_stm32f103xb.o [1]
  .text              ro code   0x800'07e4    0x4  startup_stm32f103xb.o [1]
  .text              ro code   0x800'07e8    0x4  startup_stm32f103xb.o [1]
  .text              ro code   0x800'07ec    0x4  startup_stm32f103xb.o [1]
  .text              ro code   0x800'07f0    0x4  startup_stm32f103xb.o [1]
  .text              ro code   0x800'07f4    0x4  startup_stm32f103xb.o [1]
  .text              ro code   0x800'07f8    0x4  startup_stm32f103xb.o [1]
  .text              ro code   0x800'07fc    0x4  startup_stm32f103xb.o [1]
  .text              ro code   0x800'0800    0x4  startup_stm32f103xb.o [1]
  .text              ro code   0x800'0804    0x4  startup_stm32f103xb.o [1]
  .text              ro code   0x800'0808    0x4  startup_stm32f103xb.o [1]
  .rodata            const     0x800'080c    0x0  packbits_init_single.o [3]
  Initializer bytes  const     0x800'080c    0x7  <for P2-1>
                             - 0x800'0813  0x727

"P2", part 1 of 2:                          0x30
  P2-1                        0x2000'0000   0x30  <Init block>
    .bss             inited   0x2000'0000   0x28  main.o [1]
    .data            inited   0x2000'0028    0x4  system_stm32f1xx.o [1]
    .bss             inited   0x2000'002c    0x4  main.o [1]
                            - 0x2000'0030   0x30

"P2", part 2 of 2:                         0x800
  CSTACK                      0x2000'0030  0x800  <Block>
    CSTACK           uninit   0x2000'0030  0x800  <Block tail>
                            - 0x2000'0830  0x800

Unused ranges:

         From           To    Size
         ----           --    ----
   0x800'0813   0x800'ffff  0xf7ed
  0x2000'0830  0x2000'4fff  0x47d0


*******************************************************************************
*** INIT TABLE
***

          Address      Size
          -------      ----
Copy/packbits (__iar_packbits_init_single3)
    1 source range, total size 0x7 (14% of destination):
           0x800'080c   0x7
    1 destination range, total size 0x30:
          0x2000'0000  0x30



*******************************************************************************
*** MODULE SUMMARY
***

    Module                   ro code  ro data  rw data
    ------                   -------  -------  -------
command line/config:
    --------------------------------------------------
    Total:

Z:\Git\STM32F103C8-Playground\Various_IAR_STM32\Debug\Obj: [1]
    DS18B20.o                    672
    GlobalHelperFunctions.o      144
    ROM_CODE.o                   164
    main.o                        96        6       44
    startup_stm32f103xb.o        460
    system_stm32f1xx.o           244       17        4
    --------------------------------------------------
    Total:                     1'780       23       48

dl7M_tln.a: [2]
    exit.o                         4
    low_level_init.o               4
    --------------------------------------------------
    Total:                         8

rt7M_tl.a: [3]
    I64Shl.o                      34
    U64Shr.o                      30
    cexit.o                       10
    cmain.o                       30
    cstartup_M.o                  12
    data_init.o                   40
    packbits_init_single.o        56
    --------------------------------------------------
    Total:                       212

shb_l.a: [4]
    exit.o                        20
    --------------------------------------------------
    Total:                        20

    Gaps                           8
    Linker created                         16    2'048
------------------------------------------------------
    Grand Total:               2'028       39    2'096


*******************************************************************************
*** ENTRY LIST
***

Entry                       Address  Size  Type      Object
-----                       -------  ----  ----      ------
.iar.init_table$$Base    0x800'06b8         --   Gb  - Linker created -
.iar.init_table$$Limit   0x800'06c8         --   Gb  - Linker created -
?main                    0x800'06c9        Code  Gb  cmain.o [3]
AHBPrescTable            0x800'0710  0x10  Data  Gb  system_stm32f1xx.o [1]
CSTACK$$Base            0x2000'0030         --   Gb  - Linker created -
CSTACK$$Limit           0x2000'0830         --   Gb  - Linker created -
Region$$Table$$Base      0x800'06b8         --   Gb  - Linker created -
Region$$Table$$Limit     0x800'06c8         --   Gb  - Linker created -
SystemCoreClock         0x2000'0028   0x4  Data  Gb  system_stm32f1xx.o [1]
SystemCoreClockUpdate    0x800'04b3  0x8e  Code  Gb  system_stm32f1xx.o [1]
SystemInit               0x800'0475  0x3e  Code  Gb  system_stm32f1xx.o [1]
__aeabi_llsl             0x800'038d        Code  Gb  I64Shl.o [3]
__aeabi_llsr             0x800'0455        Code  Gb  U64Shr.o [3]
__cmain                  0x800'06c9        Code  Gb  cmain.o [3]
__exit                   0x800'06fd  0x14  Code  Gb  exit.o [4]
__iar_data_init3         0x800'0691  0x28  Code  Gb  data_init.o [3]
__iar_packbits_init_single3
                         0x800'0659  0x38  Code  Gb  packbits_init_single.o [3]
__iar_program_start      0x800'0731        Code  Gb  cstartup_M.o [3]
__low_level_init         0x800'06e7   0x4  Code  Gb  low_level_init.o [2]
__vector_table           0x800'0000        Data  Gb  startup_stm32f103xb.o [1]
_call_main               0x800'06d5        Code  Gb  cmain.o [3]
_exit                    0x800'06f1        Code  Gb  cexit.o [3]
_main                    0x800'06e3        Code  Gb  cmain.o [3]
ds18b20                 0x2000'0000  0x28  Data  Gb  main.o [1]
exit                     0x800'06eb   0x4  Code  Gb  exit.o [2]
initDS18B20              0x800'0337  0x34  Code  Gb  DS18B20.o [1]
init_led                 0x800'05f9  0x1e  Code  Gb  main.o [1]
init_rom_code            0x800'0433  0x1c  Code  Gb  ROM_CODE.o [1]
main                     0x800'0617  0x28  Code  Gb  main.o [1]
readBit                  0x800'0185  0x6c  Code  Gb  DS18B20.o [1]
readData                 0x800'02a7  0x62  Code  Gb  DS18B20.o [1]
readDeviceID             0x800'0309  0x2e  Code  Gb  DS18B20.o [1]
recalculate_crc          0x800'03b1  0x50  Code  Gb  ROM_CODE.o [1]
sendByte                 0x800'025d  0x4a  Code  Gb  DS18B20.o [1]
setReadMode              0x800'00ed  0x26  Code  Gb  DS18B20.o [1]
setWriteMode             0x800'0113  0x1e  Code  Gb  DS18B20.o [1]
startCommunication       0x800'01f1  0x6c  Code  Gb  DS18B20.o [1]
sysclk_in_mhz           0x2000'002c   0x4  Data  Gb  main.o [1]
update                   0x800'0401  0x32  Code  Gb  ROM_CODE.o [1]
update_sysclk_to_128mhz
                         0x800'0569  0x80  Code  Gb  GlobalHelperFunctions.o [1]
writeOne                 0x800'0131  0x2e  Code  Gb  DS18B20.o [1]
writeZero                0x800'015f  0x26  Code  Gb  DS18B20.o [1]


[1] = Z:\Git\STM32F103C8-Playground\Various_IAR_STM32\Debug\Obj
[2] = dl7M_tln.a
[3] = rt7M_tl.a
[4] = shb_l.a

  2'028 bytes of readonly  code memory
     39 bytes of readonly  data memory
  2'096 bytes of readwrite data memory

Errors: none
Warnings: none
