###############################################################################
#
# IAR ELF Linker V8.40.1.212/W32 for ARM                  04/Aug/2020  14:50:44
# Copyright 2007-2019 IAR Systems AB.
#
#    Output file  =
#        Z:\Git\STM32F103C8-Playground\Various_IAR_STM32\Debug\Exe\ProjectFile.out
#    Map file     =
#        Z:\Git\STM32F103C8-Playground\Various_IAR_STM32\Debug\List\ProjectFile.map
#    Command line =
#        -f C:\Users\test\AppData\Local\Temp\EW11F3.tmp
#        (Z:\Git\STM32F103C8-Playground\Various_IAR_STM32\Debug\Obj\DS18B20.o
#        Z:\Git\STM32F103C8-Playground\Various_IAR_STM32\Debug\Obj\GlobalHelperFunctions.o
#        Z:\Git\STM32F103C8-Playground\Various_IAR_STM32\Debug\Obj\main.o
#        Z:\Git\STM32F103C8-Playground\Various_IAR_STM32\Debug\Obj\startup_stm32f103xb.o
#        Z:\Git\STM32F103C8-Playground\Various_IAR_STM32\Debug\Obj\system_stm32f1xx.o
#        --no_out_extension -o
#        Z:\Git\STM32F103C8-Playground\Various_IAR_STM32\Debug\Exe\ProjectFile.out
#        --redirect _Printf=_PrintfFullNoMb --redirect _Scanf=_ScanfFullNoMb
#        --map
#        Z:\Git\STM32F103C8-Playground\Various_IAR_STM32\Debug\List\ProjectFile.map
#        --config "C:\Program Files (x86)\IAR Systems\Embedded Workbench
#        8.3\arm\config\linker\ST\stm32f103x8.icf" --semihosting --entry
#        __iar_program_start --vfe --text_out locale)
#
###############################################################################

*******************************************************************************
*** RUNTIME MODEL ATTRIBUTES
***

CppFlavor       = *
__SystemLibrary = DLib
__dlib_version  = 6


*******************************************************************************
*** HEAP SELECTION
***

The basic heap was selected because no calls to memory allocation
functions were found in the application outside of system library
functions, and there are calls to deallocation functions in the
application.


*******************************************************************************
*** PLACEMENT SUMMARY
***

"A0":  place at address 0x800'0000 { ro section .intvec };
"P1":  place in [from 0x800'0000 to 0x800'ffff] { ro };
define block CSTACK with size = 2K, alignment = 8 { };
define block HEAP with size = 2K, alignment = 8 { };
"P2":  place in [from 0x2000'0000 to 0x2000'4fff] {
          rw, block CSTACK, block HEAP };
initialize by copy { rw };

  Section            Kind         Address   Size  Object
  -------            ----         -------   ----  ------
"A0":                                       0xec
  .intvec            ro code   0x800'0000   0xec  startup_stm32f103xb.o [1]
                             - 0x800'00ec   0xec

"P1":                                      0x5a0
  .text              ro code   0x800'00ec  0x1c8  DS18B20.o [1]
  .text              ro code   0x800'02b4   0xa4  GlobalHelperFunctions.o [1]
  .text              ro code   0x800'0358   0xf4  system_stm32f1xx.o [1]
  .text              ro code   0x800'044c   0x88  main.o [1]
  .text              ro code   0x800'04d4   0x2e  copy_init3.o [3]
  .text              ro code   0x800'0504   0x28  data_init.o [3]
  .iar.init_table    const     0x800'052c   0x14  - Linker created -
  .text              ro code   0x800'0540   0x1e  cmain.o [3]
  .text              ro code   0x800'055e    0x4  low_level_init.o [2]
  .text              ro code   0x800'0562    0x4  exit.o [2]
  .text              ro code   0x800'0568    0xa  cexit.o [3]
  .text              ro code   0x800'0574   0x14  exit.o [4]
  .rodata            const     0x800'0588   0x10  system_stm32f1xx.o [1]
  .text              ro code   0x800'0598   0x10  startup_stm32f103xb.o [1]
  .text              ro code   0x800'05a8    0xc  cstartup_M.o [3]
  Initializer bytes  const     0x800'05b4    0xc  <for P2-1>
  .text              ro code   0x800'05c0    0x4  startup_stm32f103xb.o [1]
  .text              ro code   0x800'05c4    0x4  startup_stm32f103xb.o [1]
  .text              ro code   0x800'05c8    0x4  startup_stm32f103xb.o [1]
  .text              ro code   0x800'05cc    0x4  startup_stm32f103xb.o [1]
  .text              ro code   0x800'05d0    0x4  startup_stm32f103xb.o [1]
  .text              ro code   0x800'05d4    0x4  startup_stm32f103xb.o [1]
  .text              ro code   0x800'05d8    0x4  startup_stm32f103xb.o [1]
  .text              ro code   0x800'05dc    0x4  startup_stm32f103xb.o [1]
  .text              ro code   0x800'05e0    0x4  startup_stm32f103xb.o [1]
  .text              ro code   0x800'05e4    0x4  startup_stm32f103xb.o [1]
  .text              ro code   0x800'05e8    0x4  startup_stm32f103xb.o [1]
  .text              ro code   0x800'05ec    0x4  startup_stm32f103xb.o [1]
  .text              ro code   0x800'05f0    0x4  startup_stm32f103xb.o [1]
  .text              ro code   0x800'05f4    0x4  startup_stm32f103xb.o [1]
  .text              ro code   0x800'05f8    0x4  startup_stm32f103xb.o [1]
  .text              ro code   0x800'05fc    0x4  startup_stm32f103xb.o [1]
  .text              ro code   0x800'0600    0x4  startup_stm32f103xb.o [1]
  .text              ro code   0x800'0604    0x4  startup_stm32f103xb.o [1]
  .text              ro code   0x800'0608    0x4  startup_stm32f103xb.o [1]
  .text              ro code   0x800'060c    0x4  startup_stm32f103xb.o [1]
  .text              ro code   0x800'0610    0x4  startup_stm32f103xb.o [1]
  .text              ro code   0x800'0614    0x4  startup_stm32f103xb.o [1]
  .text              ro code   0x800'0618    0x4  startup_stm32f103xb.o [1]
  .text              ro code   0x800'061c    0x4  startup_stm32f103xb.o [1]
  .text              ro code   0x800'0620    0x4  startup_stm32f103xb.o [1]
  .text              ro code   0x800'0624    0x4  startup_stm32f103xb.o [1]
  .text              ro code   0x800'0628    0x4  startup_stm32f103xb.o [1]
  .text              ro code   0x800'062c    0x4  startup_stm32f103xb.o [1]
  .text              ro code   0x800'0630    0x4  startup_stm32f103xb.o [1]
  .text              ro code   0x800'0634    0x4  startup_stm32f103xb.o [1]
  .text              ro code   0x800'0638    0x4  startup_stm32f103xb.o [1]
  .text              ro code   0x800'063c    0x4  startup_stm32f103xb.o [1]
  .text              ro code   0x800'0640    0x4  startup_stm32f103xb.o [1]
  .text              ro code   0x800'0644    0x4  startup_stm32f103xb.o [1]
  .text              ro code   0x800'0648    0x4  startup_stm32f103xb.o [1]
  .text              ro code   0x800'064c    0x4  startup_stm32f103xb.o [1]
  .text              ro code   0x800'0650    0x4  startup_stm32f103xb.o [1]
  .text              ro code   0x800'0654    0x4  startup_stm32f103xb.o [1]
  .text              ro code   0x800'0658    0x4  startup_stm32f103xb.o [1]
  .text              ro code   0x800'065c    0x4  startup_stm32f103xb.o [1]
  .text              ro code   0x800'0660    0x4  startup_stm32f103xb.o [1]
  .text              ro code   0x800'0664    0x4  startup_stm32f103xb.o [1]
  .text              ro code   0x800'0668    0x4  startup_stm32f103xb.o [1]
  .text              ro code   0x800'066c    0x4  startup_stm32f103xb.o [1]
  .text              ro code   0x800'0670    0x4  startup_stm32f103xb.o [1]
  .text              ro code   0x800'0674    0x4  startup_stm32f103xb.o [1]
  .text              ro code   0x800'0678    0x4  startup_stm32f103xb.o [1]
  .text              ro code   0x800'067c    0x4  startup_stm32f103xb.o [1]
  .text              ro code   0x800'0680    0x4  startup_stm32f103xb.o [1]
  .text              ro code   0x800'0684    0x4  startup_stm32f103xb.o [1]
  .text              ro code   0x800'0688    0x4  startup_stm32f103xb.o [1]
  .rodata            const     0x800'068c    0x0  copy_init3.o [3]
                             - 0x800'068c  0x5a0

"P2", part 1 of 2:                           0xc
  P2-1                        0x2000'0000    0xc  <Init block>
    .data            inited   0x2000'0000    0x4  system_stm32f1xx.o [1]
    .bss             inited   0x2000'0004    0x4  main.o [1]
    .bss             inited   0x2000'0008    0x4  main.o [1]
                            - 0x2000'000c    0xc

"P2", part 2 of 2:                         0x800
  CSTACK                      0x2000'0010  0x800  <Block>
    CSTACK           uninit   0x2000'0010  0x800  <Block tail>
                            - 0x2000'0810  0x800

Unused ranges:

         From           To    Size
         ----           --    ----
   0x800'068c   0x800'ffff  0xf974
  0x2000'000c  0x2000'000f     0x4
  0x2000'0810  0x2000'4fff  0x47f0


*******************************************************************************
*** INIT TABLE
***

          Address      Size
          -------      ----
Copy (__iar_copy_init3)
    1 source range, total size 0xc:
           0x800'05b4   0xc
    1 destination range, total size 0xc:
          0x2000'0000   0xc



*******************************************************************************
*** MODULE SUMMARY
***

    Module                   ro code  ro data  rw data
    ------                   -------  -------  -------
command line/config:
    --------------------------------------------------
    Total:

Z:\Git\STM32F103C8-Playground\Various_IAR_STM32\Debug\Obj: [1]
    DS18B20.o                    456
    GlobalHelperFunctions.o      164
    main.o                       136        8        8
    startup_stm32f103xb.o        456
    system_stm32f1xx.o           244       20        4
    --------------------------------------------------
    Total:                     1'456       28       12

dl7M_tln.a: [2]
    exit.o                         4
    low_level_init.o               4
    --------------------------------------------------
    Total:                         8

rt7M_tl.a: [3]
    cexit.o                       10
    cmain.o                       30
    copy_init3.o                  46
    cstartup_M.o                  12
    data_init.o                   40
    --------------------------------------------------
    Total:                       138

shb_l.a: [4]
    exit.o                        20
    --------------------------------------------------
    Total:                        20

    Gaps                           6
    Linker created                         20    2'048
------------------------------------------------------
    Grand Total:               1'628       48    2'060


*******************************************************************************
*** ENTRY LIST
***

Entry                       Address  Size  Type      Object
-----                       -------  ----  ----      ------
.iar.init_table$$Base    0x800'052c         --   Gb  - Linker created -
.iar.init_table$$Limit   0x800'0540         --   Gb  - Linker created -
?main                    0x800'0541        Code  Gb  cmain.o [3]
AHBPrescTable            0x800'0588  0x10  Data  Gb  system_stm32f1xx.o [1]
CSTACK$$Base            0x2000'0010         --   Gb  - Linker created -
CSTACK$$Limit           0x2000'0810         --   Gb  - Linker created -
Region$$Table$$Base      0x800'052c         --   Gb  - Linker created -
Region$$Table$$Limit     0x800'0540         --   Gb  - Linker created -
SystemCoreClock         0x2000'0000   0x4  Data  Gb  system_stm32f1xx.o [1]
SystemCoreClockUpdate    0x800'0397  0x8e  Code  Gb  system_stm32f1xx.o [1]
SystemInit               0x800'0359  0x3e  Code  Gb  system_stm32f1xx.o [1]
TIM2_IRQHandler          0x800'046b  0x16  Code  Gb  main.o [1]
__cmain                  0x800'0541        Code  Gb  cmain.o [3]
__exit                   0x800'0575  0x14  Code  Gb  exit.o [4]
__iar_copy_init3         0x800'04d5  0x2e  Code  Gb  copy_init3.o [3]
__iar_data_init3         0x800'0505  0x28  Code  Gb  data_init.o [3]
__iar_program_start      0x800'05a9        Code  Gb  cstartup_M.o [3]
__low_level_init         0x800'055f   0x4  Code  Gb  low_level_init.o [2]
__vector_table           0x800'0000        Data  Gb  startup_stm32f103xb.o [1]
_call_main               0x800'054d        Code  Gb  cmain.o [3]
_exit                    0x800'0569        Code  Gb  cexit.o [3]
_main                    0x800'055b        Code  Gb  cmain.o [3]
ds18b20                 0x2000'0004   0x4  Data  Gb  main.o [1]
exit                     0x800'0563   0x4  Code  Gb  exit.o [2]
initDS18B20              0x800'029d   0x6  Code  Gb  DS18B20.o [1]
init_led                 0x800'044d  0x1e  Code  Gb  main.o [1]
main                     0x800'0481  0x32  Code  Gb  main.o [1]
readBit                  0x800'017f  0x3e  Code  Gb  DS18B20.o [1]
readData                 0x800'0235  0x38  Code  Gb  DS18B20.o [1]
readDeviceID             0x800'026d  0x30  Code  Gb  DS18B20.o [1]
sendByte                 0x800'0205  0x30  Code  Gb  DS18B20.o [1]
setReadMode              0x800'00ed  0x26  Code  Gb  DS18B20.o [1]
setWriteMode             0x800'0113  0x26  Code  Gb  DS18B20.o [1]
startCommunication       0x800'01bd  0x48  Code  Gb  DS18B20.o [1]
sysclk_in_mhz           0x2000'0008   0x4  Data  Gb  main.o [1]
update_sysclk_to_128mhz
                         0x800'02d7  0x70  Code  Gb  GlobalHelperFunctions.o [1]
wait                     0x800'02b5  0x22  Code  Gb  GlobalHelperFunctions.o [1]
writeOne                 0x800'0139  0x20  Code  Gb  DS18B20.o [1]
writeZero                0x800'0159  0x26  Code  Gb  DS18B20.o [1]


[1] = Z:\Git\STM32F103C8-Playground\Various_IAR_STM32\Debug\Obj
[2] = dl7M_tln.a
[3] = rt7M_tl.a
[4] = shb_l.a

  1'628 bytes of readonly  code memory
     48 bytes of readonly  data memory
  2'060 bytes of readwrite data memory

Errors: none
Warnings: none
