###############################################################################
#
# IAR ELF Linker V8.22.2.15995/W32 for ARM                24/Apr/2018  18:45:58
# Copyright 2007-2018 IAR Systems AB.
#
#    Output file  =  
#        D:\Dokumente\STM32Projects\STM32F103C8-Playground\Debug\Exe\project.out
#    Map file     =  
#        D:\Dokumente\STM32Projects\STM32F103C8-Playground\Debug\List\project.map
#    Command line =  
#        -f C:\Users\STANDA~1\AppData\Local\Temp\EW5662.tmp
#        (D:\Dokumente\STM32Projects\STM32F103C8-Playground\Debug\Obj\camera.o
#        D:\Dokumente\STM32Projects\STM32F103C8-Playground\Debug\Obj\halton.o
#        D:\Dokumente\STM32Projects\STM32F103C8-Playground\Debug\Obj\ILI9163C.o
#        D:\Dokumente\STM32Projects\STM32F103C8-Playground\Debug\Obj\main.o
#        D:\Dokumente\STM32Projects\STM32F103C8-Playground\Debug\Obj\Point.o
#        D:\Dokumente\STM32Projects\STM32F103C8-Playground\Debug\Obj\Ray.o
#        D:\Dokumente\STM32Projects\STM32F103C8-Playground\Debug\Obj\renderer.o
#        D:\Dokumente\STM32Projects\STM32F103C8-Playground\Debug\Obj\RGB.o
#        D:\Dokumente\STM32Projects\STM32F103C8-Playground\Debug\Obj\Sphere.o
#        D:\Dokumente\STM32Projects\STM32F103C8-Playground\Debug\Obj\SPI.o
#        D:\Dokumente\STM32Projects\STM32F103C8-Playground\Debug\Obj\startup_stm32f10x_md_vl.o
#        D:\Dokumente\STM32Projects\STM32F103C8-Playground\Debug\Obj\system_stm32f10x.o
#        D:\Dokumente\STM32Projects\STM32F103C8-Playground\Debug\Obj\utility.o
#        -o
#        D:\Dokumente\STM32Projects\STM32F103C8-Playground\Debug\Exe\project.out
#        --redirect _Printf=_PrintfFullNoMb --redirect _Scanf=_ScanfFullNoMb
#        --map
#        D:\Dokumente\STM32Projects\STM32F103C8-Playground\Debug\List\project.map
#        --config "D:\Programme\IAR Workbench ARM
#        822\arm\config\linker\ST\stm32f103x8.icf" --semihosting --entry
#        __iar_program_start --vfe --text_out locale)
#
###############################################################################

*******************************************************************************
*** RUNTIME MODEL ATTRIBUTES
***

CppFlavor       = *
__SystemLibrary = DLib
__dlib_version  = 6


*******************************************************************************
*** HEAP SELECTION
***

The basic heap was selected because no calls to memory allocation
functions were found in the application outside of system library
functions, and there are calls to deallocation functions in the
application.


*******************************************************************************
*** PLACEMENT SUMMARY
***

"A0":  place at 0x08000000 { ro section .intvec };
"P1":  place in [from 0x08000000 to 0x0800ffff] { ro };
define block CSTACK with size = 2K, alignment = 8 { };
define block HEAP with size = 2K, alignment = 8 { };
"P2":  place in [from 0x20000000 to 0x20004fff] {
          rw, block CSTACK, block HEAP };
initialize by copy { rw };

  Section            Kind        Address    Size  Object
  -------            ----        -------    ----  ------
"A0":                                      0x120
  .intvec            ro code  0x08000000   0x120  startup_stm32f10x_md_vl.o [1]
                            - 0x08000120   0x120

"P1":                                     0x1e03
  .text              ro code  0x08000120   0x2a2  ILI9163C.o [1]
  .text              ro code  0x080003c4   0x130  SPI.o [1]
  .text              ro code  0x080004f4    0x10  utility.o [1]
  .text              ro code  0x08000504   0x27c  renderer.o [1]
  .text              ro code  0x08000780    0xfc  camera.o [1]
  .text              ro code  0x0800087c    0x86  ABImemcpy.o [5]
  .text              ro code  0x08000904   0x13e  Sphere.o [1]
  .text              ro code  0x08000a44    0x1c  FltCmpEq.o [4]
  .text              ro code  0x08000a60    0x24  FltCmpLe.o [4]
  .text              ro code  0x08000a84    0x48  FltToDbl.o [4]
  .text              ro code  0x08000acc   0x1a2  DblMul.o [4]
  .text              ro code  0x08000c70    0x68  DblToFlt.o [4]
  .text              ro code  0x08000cd8   0x1ba  Point.o [1]
  .text              ro code  0x08000e94    0x22  S32ToDbl.o [4]
  .text              ro code  0x08000eb8    0x3a  DblToS32.o [4]
  .text              ro code  0x08000ef4   0x246  DblDiv.o [4]
  .text              ro code  0x0800113c   0x208  tan32.o [4]
  .text              ro code  0x08001344    0x62  halton.o [1]
  .text              ro code  0x080013a8    0x24  S32ToFlt.o [4]
  .text              ro code  0x080013cc    0xe2  FltAdd.o [4]
  .text              ro code  0x080014b0    0xfc  FltDiv.o [4]
  .text              ro code  0x080015ac    0xd8  FltMul.o [4]
  .text              ro code  0x08001684    0x80  FltSub.o [4]
  .text              ro code  0x08001704    0x24  FltCmpGe.o [4]
  .text              ro code  0x08001728    0x74  sqrtf.o [4]
  .text              ro code  0x0800179c    0x24  fminf.o [4]
  .text              ro code  0x080017c0    0xa8  rand.o [3]
  .text              ro code  0x08001868    0x24  fmaxf.o [4]
  .text              ro code  0x0800188c   0x24c  cos_sin32.o [4]
  .text              ro code  0x08001ad8    0x2a  FltToS32.o [4]
  .text              ro code  0x08001b04    0x2c  floorf.o [4]
  .text              ro code  0x08001b30    0xec  system_stm32f10x.o [1]
  .text              ro code  0x08001c1c    0xd8  main.o [1]
  .text              ro code  0x08001cf4    0x40  zero_init3.o [5]
  .text              ro code  0x08001d34    0x38  packbits_init_single.o [5]
  .text              ro code  0x08001d6c    0x28  data_init.o [5]
  .iar.init_table    const    0x08001d94    0x20  - Linker created -
  .text              ro code  0x08001db4    0x1e  cmain.o [5]
  .text              ro code  0x08001dd2     0x4  low_level_init.o [3]
  .text              ro code  0x08001dd6     0x4  exit.o [3]
  .text              ro code  0x08001ddc     0xa  cexit.o [5]
  .text              ro code  0x08001de8    0x14  exit.o [6]
  .text              ro code  0x08001dfc    0x10  startup_stm32f10x_md_vl.o [1]
  .text              ro code  0x08001e0c     0xc  cstartup_M.o [5]
  .text              ro code  0x08001e18     0x4  startup_stm32f10x_md_vl.o [1]
  .text              ro code  0x08001e1c     0x4  startup_stm32f10x_md_vl.o [1]
  .text              ro code  0x08001e20     0x4  startup_stm32f10x_md_vl.o [1]
  .text              ro code  0x08001e24     0x4  startup_stm32f10x_md_vl.o [1]
  .text              ro code  0x08001e28     0x4  startup_stm32f10x_md_vl.o [1]
  .text              ro code  0x08001e2c     0x4  startup_stm32f10x_md_vl.o [1]
  .text              ro code  0x08001e30     0x4  startup_stm32f10x_md_vl.o [1]
  .text              ro code  0x08001e34     0x4  startup_stm32f10x_md_vl.o [1]
  .text              ro code  0x08001e38     0x4  startup_stm32f10x_md_vl.o [1]
  .text              ro code  0x08001e3c     0x4  startup_stm32f10x_md_vl.o [1]
  .text              ro code  0x08001e40     0x4  startup_stm32f10x_md_vl.o [1]
  .text              ro code  0x08001e44     0x4  startup_stm32f10x_md_vl.o [1]
  .text              ro code  0x08001e48     0x4  startup_stm32f10x_md_vl.o [1]
  .text              ro code  0x08001e4c     0x4  startup_stm32f10x_md_vl.o [1]
  .text              ro code  0x08001e50     0x4  startup_stm32f10x_md_vl.o [1]
  .text              ro code  0x08001e54     0x4  startup_stm32f10x_md_vl.o [1]
  .text              ro code  0x08001e58     0x4  startup_stm32f10x_md_vl.o [1]
  .text              ro code  0x08001e5c     0x4  startup_stm32f10x_md_vl.o [1]
  .text              ro code  0x08001e60     0x4  startup_stm32f10x_md_vl.o [1]
  .text              ro code  0x08001e64     0x4  startup_stm32f10x_md_vl.o [1]
  .text              ro code  0x08001e68     0x4  startup_stm32f10x_md_vl.o [1]
  .text              ro code  0x08001e6c     0x4  startup_stm32f10x_md_vl.o [1]
  .text              ro code  0x08001e70     0x4  startup_stm32f10x_md_vl.o [1]
  .text              ro code  0x08001e74     0x4  startup_stm32f10x_md_vl.o [1]
  .text              ro code  0x08001e78     0x4  startup_stm32f10x_md_vl.o [1]
  .text              ro code  0x08001e7c     0x4  startup_stm32f10x_md_vl.o [1]
  .text              ro code  0x08001e80     0x4  startup_stm32f10x_md_vl.o [1]
  .text              ro code  0x08001e84     0x4  startup_stm32f10x_md_vl.o [1]
  .text              ro code  0x08001e88     0x4  startup_stm32f10x_md_vl.o [1]
  .text              ro code  0x08001e8c     0x4  startup_stm32f10x_md_vl.o [1]
  .text              ro code  0x08001e90     0x4  startup_stm32f10x_md_vl.o [1]
  .text              ro code  0x08001e94     0x4  startup_stm32f10x_md_vl.o [1]
  .text              ro code  0x08001e98     0x4  startup_stm32f10x_md_vl.o [1]
  .text              ro code  0x08001e9c     0x4  startup_stm32f10x_md_vl.o [1]
  .text              ro code  0x08001ea0     0x4  startup_stm32f10x_md_vl.o [1]
  .text              ro code  0x08001ea4     0x4  startup_stm32f10x_md_vl.o [1]
  .text              ro code  0x08001ea8     0x4  startup_stm32f10x_md_vl.o [1]
  .text              ro code  0x08001eac     0x4  startup_stm32f10x_md_vl.o [1]
  .text              ro code  0x08001eb0     0x4  startup_stm32f10x_md_vl.o [1]
  .text              ro code  0x08001eb4     0x4  startup_stm32f10x_md_vl.o [1]
  .text              ro code  0x08001eb8     0x4  startup_stm32f10x_md_vl.o [1]
  .text              ro code  0x08001ebc     0x4  startup_stm32f10x_md_vl.o [1]
  .text              ro code  0x08001ec0     0x4  startup_stm32f10x_md_vl.o [1]
  .text              ro code  0x08001ec4     0x4  startup_stm32f10x_md_vl.o [1]
  .text              ro code  0x08001ec8     0x4  startup_stm32f10x_md_vl.o [1]
  .text              ro code  0x08001ecc     0x4  startup_stm32f10x_md_vl.o [1]
  .text              ro code  0x08001ed0     0x4  startup_stm32f10x_md_vl.o [1]
  .text              ro code  0x08001ed4     0x4  startup_stm32f10x_md_vl.o [1]
  .text              ro code  0x08001ed8     0x4  startup_stm32f10x_md_vl.o [1]
  .rodata            const    0x08001edc     0x0  zero_init3.o [5]
  .rodata            const    0x08001edc     0x0  packbits_init_single.o [5]
  Initializer bytes  const    0x08001edc    0x47  <for P2-1>
                            - 0x08001f23  0x1e03

"P2", part 1 of 3:                          0x68
  P2-1                        0x20000000    0x68  <Init block>
    .data            inited   0x20000000    0x60  renderer.o [1]
    .data            inited   0x20000060     0x8  rand.o [3]
                            - 0x20000068    0x68

"P2", part 2 of 3:                        0x470c
  .bss               zero     0x20000068  0x4684  renderer.o [1]
  .bss               zero     0x200046ec    0x84  rand.o [3]
  .bss               zero     0x20004770     0x1  renderer.o [1]
                            - 0x20004771  0x4709

"P2", part 3 of 3:                         0x800
  CSTACK                      0x20004778   0x800  <Block>
    CSTACK           uninit   0x20004778   0x800  <Block tail>
                            - 0x20004f78   0x800


*******************************************************************************
*** INIT TABLE
***

          Address     Size
          -------     ----
Zero (__iar_zero_init3)
    1 destination range, total size 0x4709:
          0x20000068  0x4709

Copy/packbits (__iar_packbits_init_single3)
    1 source range, total size 0x47 (68% of destination):
          0x08001edc    0x47
    1 destination range, total size 0x68:
          0x20000000    0x68



*******************************************************************************
*** MODULE SUMMARY
***

    Module                     ro code  ro data  rw data
    ------                     -------  -------  -------
D:\Dokumente\STM32Projects\STM32F103C8-Playground\Debug\Obj: [1]
    ILI9163C.o                     674
    Point.o                        442
    SPI.o                          304
    Sphere.o                       318
    camera.o                       252
    halton.o                        98
    main.o                         216
    renderer.o                     636       65   18 149
    startup_stm32f10x_md_vl.o      500
    system_stm32f10x.o             236
    utility.o                       16
    ----------------------------------------------------
    Total:                       3 692       65   18 149

command line: [2]
    ----------------------------------------------------
    Total:

dl7M_tln.a: [3]
    exit.o                           4
    low_level_init.o                 4
    rand.o                         168        6      140
    ----------------------------------------------------
    Total:                         176        6      140

m7M_tl.a: [4]
    DblDiv.o                       582
    DblMul.o                       418
    DblToFlt.o                     104
    DblToS32.o                      58
    FltAdd.o                       226
    FltCmpEq.o                      28
    FltCmpGe.o                      36
    FltCmpLe.o                      36
    FltDiv.o                       252
    FltMul.o                       216
    FltSub.o                       128
    FltToDbl.o                      72
    FltToS32.o                      42
    S32ToDbl.o                      34
    S32ToFlt.o                      36
    cos_sin32.o                    588
    floorf.o                        44
    fmaxf.o                         36
    fminf.o                         36
    sqrtf.o                        116
    tan32.o                        520
    ----------------------------------------------------
    Total:                       3 608

rt7M_tl.a: [5]
    ABImemcpy.o                    134
    cexit.o                         10
    cmain.o                         30
    cstartup_M.o                    12
    data_init.o                     40
    packbits_init_single.o          56
    zero_init3.o                    64
    ----------------------------------------------------
    Total:                         346

shb_l.a: [6]
    exit.o                          20
    ----------------------------------------------------
    Total:                          20

    Gaps                            26
    Linker created                           32    2 048
--------------------------------------------------------
    Grand Total:                 7 868      103   20 337


*******************************************************************************
*** ENTRY LIST
***

Entry                      Address    Size  Type      Object
-----                      -------    ----  ----      ------
.iar.init_table$$Base   0x08001d94           --   Gb  - Linker created -
.iar.init_table$$Limit  0x08001db4           --   Gb  - Linker created -
?main                   0x08001db5          Code  Gb  cmain.o [5]
CSTACK$$Base            0x20004778           --   Gb  - Linker created -
CSTACK$$Limit           0x20004f78           --   Gb  - Linker created -
ILI9163C_init           0x080001f3   0x1c6  Code  Gb  ILI9163C.o [1]
Region$$Table$$Base     0x08001d94           --   Gb  - Linker created -
Region$$Table$$Limit    0x08001db4           --   Gb  - Linker created -
SystemInit              0x08001b31    0xd8  Code  Gb  system_stm32f10x.o [1]
TIM2_IRQHandler         0x08001c1d    0x18  Code  Gb  main.o [1]
_Rand_idx               0x2000476c     0x4  Data  Lc  rand.o [3]
_Rand_rv                0x200046ec    0x80  Data  Lc  rand.o [3]
_Randinit               0x20000060     0x1  Data  Gb  rand.o [3]
_Randseed               0x20000064     0x4  Data  Gb  rand.o [3]
__aeabi_cfcmpeq         0x08000a45          Code  Gb  FltCmpEq.o [4]
__aeabi_cfcmple         0x08000a61          Code  Gb  FltCmpLe.o [4]
__aeabi_cfrcmple        0x08001705          Code  Gb  FltCmpGe.o [4]
__aeabi_d2f             0x08000c71          Code  Gb  DblToFlt.o [4]
__aeabi_d2iz            0x08000eb9          Code  Gb  DblToS32.o [4]
__aeabi_ddiv            0x08000ef5          Code  Gb  DblDiv.o [4]
__aeabi_dmul            0x08000acd          Code  Gb  DblMul.o [4]
__aeabi_f2d             0x08000a85          Code  Gb  FltToDbl.o [4]
__aeabi_f2iz            0x08001ad9          Code  Gb  FltToS32.o [4]
__aeabi_fadd            0x080013cd          Code  Gb  FltAdd.o [4]
__aeabi_fdiv            0x080014b1          Code  Gb  FltDiv.o [4]
__aeabi_fmul            0x080015ad          Code  Gb  FltMul.o [4]
__aeabi_fsub            0x08001685          Code  Gb  FltSub.o [4]
__aeabi_i2d             0x08000e95          Code  Gb  S32ToDbl.o [4]
__aeabi_i2f             0x080013a9          Code  Gb  S32ToFlt.o [4]
__aeabi_memcpy4         0x0800087d          Code  Gb  ABImemcpy.o [5]
__aeabi_memcpy8         0x0800087d          Code  Gb  ABImemcpy.o [5]
__cmain                 0x08001db5          Code  Gb  cmain.o [5]
__exit                  0x08001de9    0x14  Code  Gb  exit.o [6]
__iar_Sin32             0x0800188d   0x214  Code  Lc  cos_sin32.o [4]
__iar_cos32             0x08001ad1     0x4  Code  Gb  cos_sin32.o [4]
__iar_cos_medium32      0x08001ad1     0x4  Code  Gb  cos_sin32.o [4]
__iar_cos_mediumf       0x08001ad1     0x4  Code  Gb  cos_sin32.o [4]
__iar_data_init3        0x08001d6d    0x28  Code  Gb  data_init.o [5]
__iar_fadd              0x08001691          Code  Gb  FltSub.o [4]
__iar_floor32           0x08001b05          Code  Gb  floorf.o [4]
__iar_fmax32            0x08001869          Code  Gb  fmaxf.o [4]
__iar_fmin32            0x0800179d          Code  Gb  fminf.o [4]
__iar_fsub              0x080013d9          Code  Gb  FltAdd.o [4]
__iar_fsubStart         0x080013e9          Code  Gb  FltAdd.o [4]
__iar_packbits_init_single3
                        0x08001d35    0x38  Code  Gb  packbits_init_single.o [5]
__iar_program_start     0x08001e0d          Code  Gb  cstartup_M.o [5]
__iar_sin32             0x08001ad5     0x4  Code  Gb  cos_sin32.o [4]
__iar_sin_medium32      0x08001ad5     0x4  Code  Gb  cos_sin32.o [4]
__iar_sin_mediumf       0x08001ad5     0x4  Code  Gb  cos_sin32.o [4]
__iar_sqrt32            0x08001729          Code  Gb  sqrtf.o [4]
__iar_systems$$module {Abs}
                        0x00000001          Data  Gb  command line/config [2]
__iar_tan32             0x0800113d   0x208  Code  Gb  tan32.o [4]
__iar_tan_medium32      0x0800113d   0x208  Code  Gb  tan32.o [4]
__iar_tan_mediumf       0x0800113d   0x208  Code  Gb  tan32.o [4]
__iar_zero_init3        0x08001cf5    0x40  Code  Gb  zero_init3.o [5]
__low_level_init        0x08001dd3     0x4  Code  Gb  low_level_init.o [3]
__vector_table          0x08000000          Data  Gb  startup_stm32f10x_md_vl.o [1]
_call_main              0x08001dc1          Code  Gb  cmain.o [5]
_exit                   0x08001ddd          Code  Gb  cexit.o [5]
_main                   0x08001dcf          Code  Gb  cmain.o [5]
a0_high                 0x0800049d     0xc  Code  Gb  SPI.o [1]
a0_low                  0x080004a9     0xc  Code  Gb  SPI.o [1]
add                     0x08000cd9    0x22  Code  Gb  Point.o [1]
buffer                  0x20000068  0x4684  Data  Gb  renderer.o [1]
c                       0x08000774     0xc  Data  Gb  renderer.o [1]
clear                   0x080001a1    0x42  Code  Gb  ILI9163C.o [1]
cosf                    0x08001ad1     0x4  Code  Gb  cos_sin32.o [4]
cs_high                 0x080004c1     0xc  Code  Gb  SPI.o [1]
cs_low                  0x080004b5     0xc  Code  Gb  SPI.o [1]
delay                   0x080004f5    0x10  Code  Gb  utility.o [1]
diffuse                 0x08000dbf    0x90  Code  Gb  Point.o [1]
display                 0x08000505    0x36  Code  Gb  renderer.o [1]
dot                     0x08000e5f    0x2e  Code  Gb  Point.o [1]
drawPixel               0x0800015f    0x42  Code  Gb  ILI9163C.o [1]
exit                    0x08001dd7     0x4  Code  Gb  exit.o [3]
floorf                  0x08001b05          Code  Gb  floorf.o [4]
fmaxf                   0x08001869          Code  Gb  fmaxf.o [4]
fminf                   0x0800179d          Code  Gb  fminf.o [4]
generateRay             0x08000781    0xfc  Code  Gb  camera.o [1]
halton                  0x08001345    0x62  Code  Gb  halton.o [1]
init_SPI                0x080003c5    0xb0  Code  Gb  SPI.o [1]
init_clock              0x08001c35    0x6c  Code  Gb  main.o [1]
intersectSphere         0x08000905   0x102  Code  Gb  Sphere.o [1]
length                  0x08000d4b    0x30  Code  Gb  Point.o [1]
main                    0x08001ca1    0x3e  Code  Gb  main.o [1]
mult                    0x08000d25    0x26  Code  Gb  Point.o [1]
norm                    0x08000d7b    0x2e  Code  Gb  Point.o [1]
rand                    0x080017c1    0x96  Code  Gb  rand.o [3]
render                  0x0800053b    0x9c  Code  Gb  renderer.o [1]
reset                   0x08000475    0x28  Code  Gb  SPI.o [1]
samples                 0x20004770     0x1  Data  Gb  renderer.o [1]
sinf                    0x08001ad5     0x4  Code  Gb  cos_sin32.o [4]
sphereNormal            0x08000a0d    0x36  Code  Gb  Sphere.o [1]
spheres                 0x20000000    0x60  Data  Gb  renderer.o [1]
spi_transmit            0x080004d1    0x10  Code  Gb  SPI.o [1]
sqrtf                   0x08001729          Code  Gb  sqrtf.o [4]
sub                     0x08000cfb    0x22  Code  Gb  Point.o [1]
tanf                    0x0800113d   0x208  Code  Gb  tan32.o [4]
trace                   0x080005df   0x16e  Code  Gb  renderer.o [1]
write_command           0x08000121     0xe  Code  Gb  ILI9163C.o [1]
write_data              0x0800012f     0xc  Code  Gb  ILI9163C.o [1]
write_data_16           0x08000149    0x16  Code  Gb  ILI9163C.o [1]


[1] = D:\Dokumente\STM32Projects\STM32F103C8-Playground\Debug\Obj
[2] = command line
[3] = dl7M_tln.a
[4] = m7M_tl.a
[5] = rt7M_tl.a
[6] = shb_l.a

   7 868 bytes of readonly  code memory
     103 bytes of readonly  data memory
  20 337 bytes of readwrite data memory

Errors: none
Warnings: none
