###############################################################################
#
# IAR ELF Linker V8.22.2.15995/W32 for ARM                24/Apr/2018  20:36:09
# Copyright 2007-2018 IAR Systems AB.
#
#    Output file  =  
#        D:\Dokumente\STM32Projects\STM32F103C8-Playground\Debug\Exe\project.out
#    Map file     =  
#        D:\Dokumente\STM32Projects\STM32F103C8-Playground\Debug\List\project.map
#    Command line =  
#        -f C:\Users\STANDA~1\AppData\Local\Temp\EW3B92.tmp
#        (D:\Dokumente\STM32Projects\STM32F103C8-Playground\Debug\Obj\camera.o
#        D:\Dokumente\STM32Projects\STM32F103C8-Playground\Debug\Obj\halton.o
#        D:\Dokumente\STM32Projects\STM32F103C8-Playground\Debug\Obj\ILI9163C.o
#        D:\Dokumente\STM32Projects\STM32F103C8-Playground\Debug\Obj\main.o
#        D:\Dokumente\STM32Projects\STM32F103C8-Playground\Debug\Obj\Point.o
#        D:\Dokumente\STM32Projects\STM32F103C8-Playground\Debug\Obj\Ray.o
#        D:\Dokumente\STM32Projects\STM32F103C8-Playground\Debug\Obj\renderer.o
#        D:\Dokumente\STM32Projects\STM32F103C8-Playground\Debug\Obj\RGB.o
#        D:\Dokumente\STM32Projects\STM32F103C8-Playground\Debug\Obj\Sphere.o
#        D:\Dokumente\STM32Projects\STM32F103C8-Playground\Debug\Obj\SPI.o
#        D:\Dokumente\STM32Projects\STM32F103C8-Playground\Debug\Obj\startup_stm32f10x_md_vl.o
#        D:\Dokumente\STM32Projects\STM32F103C8-Playground\Debug\Obj\system_stm32f10x.o
#        D:\Dokumente\STM32Projects\STM32F103C8-Playground\Debug\Obj\utility.o
#        -o
#        D:\Dokumente\STM32Projects\STM32F103C8-Playground\Debug\Exe\project.out
#        --redirect _Printf=_PrintfFullNoMb --redirect _Scanf=_ScanfFullNoMb
#        --map
#        D:\Dokumente\STM32Projects\STM32F103C8-Playground\Debug\List\project.map
#        --config "D:\Programme\IAR Workbench ARM
#        822\arm\config\linker\ST\stm32f103x8.icf" --semihosting --entry
#        __iar_program_start --vfe --text_out locale)
#
###############################################################################

*******************************************************************************
*** RUNTIME MODEL ATTRIBUTES
***

CppFlavor       = *
__SystemLibrary = DLib
__dlib_version  = 6


*******************************************************************************
*** HEAP SELECTION
***

The basic heap was selected because no calls to memory allocation
functions were found in the application outside of system library
functions, and there are calls to deallocation functions in the
application.


*******************************************************************************
*** PLACEMENT SUMMARY
***

"A0":  place at 0x08000000 { ro section .intvec };
"P1":  place in [from 0x08000000 to 0x0800ffff] { ro };
define block CSTACK with size = 2K, alignment = 8 { };
define block HEAP with size = 2K, alignment = 8 { };
"P2":  place in [from 0x20000000 to 0x20004fff] {
          rw, block CSTACK, block HEAP };
initialize by copy { rw };

  Section            Kind        Address    Size  Object
  -------            ----        -------    ----  ------
"A0":                                      0x120
  .intvec            ro code  0x08000000   0x120  startup_stm32f10x_md_vl.o [1]
                            - 0x08000120   0x120

"P1":                                     0x1de0
  .text              ro code  0x08000120   0x2a2  ILI9163C.o [1]
  .text              ro code  0x080003c4   0x130  SPI.o [1]
  .text              ro code  0x080004f4    0x10  utility.o [1]
  .text              ro code  0x08000504   0x264  renderer.o [1]
  .text              ro code  0x08000768    0xfc  camera.o [1]
  .text              ro code  0x08000864    0x86  ABImemcpy.o [5]
  .text              ro code  0x080008ec   0x13e  Sphere.o [1]
  .text              ro code  0x08000a2c    0x1c  FltCmpEq.o [4]
  .text              ro code  0x08000a48    0x24  FltCmpLe.o [4]
  .text              ro code  0x08000a6c    0x48  FltToDbl.o [4]
  .text              ro code  0x08000ab4   0x1a2  DblMul.o [4]
  .text              ro code  0x08000c58    0x68  DblToFlt.o [4]
  .text              ro code  0x08000cc0   0x1ba  Point.o [1]
  .text              ro code  0x08000e7c    0x22  S32ToDbl.o [4]
  .text              ro code  0x08000ea0    0x3a  DblToS32.o [4]
  .text              ro code  0x08000edc   0x246  DblDiv.o [4]
  .text              ro code  0x08001124   0x208  tan32.o [4]
  .text              ro code  0x0800132c    0x62  halton.o [1]
  .text              ro code  0x08001390    0x24  S32ToFlt.o [4]
  .text              ro code  0x080013b4    0xe2  FltAdd.o [4]
  .text              ro code  0x08001498    0xfc  FltDiv.o [4]
  .text              ro code  0x08001594    0xd8  FltMul.o [4]
  .text              ro code  0x0800166c    0x80  FltSub.o [4]
  .text              ro code  0x080016ec    0x24  FltCmpGe.o [4]
  .text              ro code  0x08001710    0x74  sqrtf.o [4]
  .text              ro code  0x08001784    0x24  fminf.o [4]
  .text              ro code  0x080017a8    0xa8  rand.o [3]
  .text              ro code  0x08001850    0x24  fmaxf.o [4]
  .text              ro code  0x08001874   0x24c  cos_sin32.o [4]
  .text              ro code  0x08001ac0    0x2a  FltToS32.o [4]
  .text              ro code  0x08001aec    0x2c  floorf.o [4]
  .text              ro code  0x08001b18    0xec  system_stm32f10x.o [1]
  .text              ro code  0x08001c04    0xd8  main.o [1]
  .text              ro code  0x08001cdc    0x40  zero_init3.o [5]
  .text              ro code  0x08001d1c    0x38  packbits_init_single.o [5]
  .text              ro code  0x08001d54    0x28  data_init.o [5]
  .iar.init_table    const    0x08001d7c    0x20  - Linker created -
  .text              ro code  0x08001d9c    0x1e  cmain.o [5]
  .text              ro code  0x08001dba     0x4  low_level_init.o [3]
  .text              ro code  0x08001dbe     0x4  exit.o [3]
  .text              ro code  0x08001dc4     0xa  cexit.o [5]
  .text              ro code  0x08001dd0    0x14  exit.o [6]
  .text              ro code  0x08001de4    0x10  startup_stm32f10x_md_vl.o [1]
  .text              ro code  0x08001df4     0xc  cstartup_M.o [5]
  .text              ro code  0x08001e00     0x4  startup_stm32f10x_md_vl.o [1]
  .text              ro code  0x08001e04     0x4  startup_stm32f10x_md_vl.o [1]
  .text              ro code  0x08001e08     0x4  startup_stm32f10x_md_vl.o [1]
  .text              ro code  0x08001e0c     0x4  startup_stm32f10x_md_vl.o [1]
  .text              ro code  0x08001e10     0x4  startup_stm32f10x_md_vl.o [1]
  .text              ro code  0x08001e14     0x4  startup_stm32f10x_md_vl.o [1]
  .text              ro code  0x08001e18     0x4  startup_stm32f10x_md_vl.o [1]
  .text              ro code  0x08001e1c     0x4  startup_stm32f10x_md_vl.o [1]
  .text              ro code  0x08001e20     0x4  startup_stm32f10x_md_vl.o [1]
  .text              ro code  0x08001e24     0x4  startup_stm32f10x_md_vl.o [1]
  .text              ro code  0x08001e28     0x4  startup_stm32f10x_md_vl.o [1]
  .text              ro code  0x08001e2c     0x4  startup_stm32f10x_md_vl.o [1]
  .text              ro code  0x08001e30     0x4  startup_stm32f10x_md_vl.o [1]
  .text              ro code  0x08001e34     0x4  startup_stm32f10x_md_vl.o [1]
  .text              ro code  0x08001e38     0x4  startup_stm32f10x_md_vl.o [1]
  .text              ro code  0x08001e3c     0x4  startup_stm32f10x_md_vl.o [1]
  .text              ro code  0x08001e40     0x4  startup_stm32f10x_md_vl.o [1]
  .text              ro code  0x08001e44     0x4  startup_stm32f10x_md_vl.o [1]
  .text              ro code  0x08001e48     0x4  startup_stm32f10x_md_vl.o [1]
  .text              ro code  0x08001e4c     0x4  startup_stm32f10x_md_vl.o [1]
  .text              ro code  0x08001e50     0x4  startup_stm32f10x_md_vl.o [1]
  .text              ro code  0x08001e54     0x4  startup_stm32f10x_md_vl.o [1]
  .text              ro code  0x08001e58     0x4  startup_stm32f10x_md_vl.o [1]
  .text              ro code  0x08001e5c     0x4  startup_stm32f10x_md_vl.o [1]
  .text              ro code  0x08001e60     0x4  startup_stm32f10x_md_vl.o [1]
  .text              ro code  0x08001e64     0x4  startup_stm32f10x_md_vl.o [1]
  .text              ro code  0x08001e68     0x4  startup_stm32f10x_md_vl.o [1]
  .text              ro code  0x08001e6c     0x4  startup_stm32f10x_md_vl.o [1]
  .text              ro code  0x08001e70     0x4  startup_stm32f10x_md_vl.o [1]
  .text              ro code  0x08001e74     0x4  startup_stm32f10x_md_vl.o [1]
  .text              ro code  0x08001e78     0x4  startup_stm32f10x_md_vl.o [1]
  .text              ro code  0x08001e7c     0x4  startup_stm32f10x_md_vl.o [1]
  .text              ro code  0x08001e80     0x4  startup_stm32f10x_md_vl.o [1]
  .text              ro code  0x08001e84     0x4  startup_stm32f10x_md_vl.o [1]
  .text              ro code  0x08001e88     0x4  startup_stm32f10x_md_vl.o [1]
  .text              ro code  0x08001e8c     0x4  startup_stm32f10x_md_vl.o [1]
  .text              ro code  0x08001e90     0x4  startup_stm32f10x_md_vl.o [1]
  .text              ro code  0x08001e94     0x4  startup_stm32f10x_md_vl.o [1]
  .text              ro code  0x08001e98     0x4  startup_stm32f10x_md_vl.o [1]
  .text              ro code  0x08001e9c     0x4  startup_stm32f10x_md_vl.o [1]
  .text              ro code  0x08001ea0     0x4  startup_stm32f10x_md_vl.o [1]
  .text              ro code  0x08001ea4     0x4  startup_stm32f10x_md_vl.o [1]
  .text              ro code  0x08001ea8     0x4  startup_stm32f10x_md_vl.o [1]
  .text              ro code  0x08001eac     0x4  startup_stm32f10x_md_vl.o [1]
  .text              ro code  0x08001eb0     0x4  startup_stm32f10x_md_vl.o [1]
  .text              ro code  0x08001eb4     0x4  startup_stm32f10x_md_vl.o [1]
  .text              ro code  0x08001eb8     0x4  startup_stm32f10x_md_vl.o [1]
  .text              ro code  0x08001ebc     0x4  startup_stm32f10x_md_vl.o [1]
  .text              ro code  0x08001ec0     0x4  startup_stm32f10x_md_vl.o [1]
  .rodata            const    0x08001ec4     0x0  zero_init3.o [5]
  .rodata            const    0x08001ec4     0x0  packbits_init_single.o [5]
  Initializer bytes  const    0x08001ec4    0x3c  <for P2-1>
                            - 0x08001f00  0x1de0

"P2", part 1 of 3:                          0x68
  P2-1                        0x20000000    0x68  <Init block>
    .data            inited   0x20000000    0x60  renderer.o [1]
    .data            inited   0x20000060     0x8  rand.o [3]
                            - 0x20000068    0x68

"P2", part 2 of 3:                        0x470c
  .bss               zero     0x20000068  0x4684  renderer.o [1]
  .bss               zero     0x200046ec    0x84  rand.o [3]
  .bss               zero     0x20004770     0x1  renderer.o [1]
                            - 0x20004771  0x4709

"P2", part 3 of 3:                         0x800
  CSTACK                      0x20004778   0x800  <Block>
    CSTACK           uninit   0x20004778   0x800  <Block tail>
                            - 0x20004f78   0x800


*******************************************************************************
*** INIT TABLE
***

          Address     Size
          -------     ----
Zero (__iar_zero_init3)
    1 destination range, total size 0x4709:
          0x20000068  0x4709

Copy/packbits (__iar_packbits_init_single3)
    1 source range, total size 0x3c (57% of destination):
          0x08001ec4    0x3c
    1 destination range, total size 0x68:
          0x20000000    0x68



*******************************************************************************
*** MODULE SUMMARY
***

    Module                     ro code  ro data  rw data
    ------                     -------  -------  -------
D:\Dokumente\STM32Projects\STM32F103C8-Playground\Debug\Obj: [1]
    ILI9163C.o                     674
    Point.o                        442
    SPI.o                          304
    Sphere.o                       318
    camera.o                       252
    halton.o                        98
    main.o                         216
    renderer.o                     612       55   18 149
    startup_stm32f10x_md_vl.o      500
    system_stm32f10x.o             236
    utility.o                       16
    ----------------------------------------------------
    Total:                       3 668       55   18 149

command line: [2]
    ----------------------------------------------------
    Total:

dl7M_tln.a: [3]
    exit.o                           4
    low_level_init.o                 4
    rand.o                         168        4      140
    ----------------------------------------------------
    Total:                         176        4      140

m7M_tl.a: [4]
    DblDiv.o                       582
    DblMul.o                       418
    DblToFlt.o                     104
    DblToS32.o                      58
    FltAdd.o                       226
    FltCmpEq.o                      28
    FltCmpGe.o                      36
    FltCmpLe.o                      36
    FltDiv.o                       252
    FltMul.o                       216
    FltSub.o                       128
    FltToDbl.o                      72
    FltToS32.o                      42
    S32ToDbl.o                      34
    S32ToFlt.o                      36
    cos_sin32.o                    588
    floorf.o                        44
    fmaxf.o                         36
    fminf.o                         36
    sqrtf.o                        116
    tan32.o                        520
    ----------------------------------------------------
    Total:                       3 608

rt7M_tl.a: [5]
    ABImemcpy.o                    134
    cexit.o                         10
    cmain.o                         30
    cstartup_M.o                    12
    data_init.o                     40
    packbits_init_single.o          56
    zero_init3.o                    64
    ----------------------------------------------------
    Total:                         346

shb_l.a: [6]
    exit.o                          20
    ----------------------------------------------------
    Total:                          20

    Gaps                            26
    Linker created                           33    2 048
--------------------------------------------------------
    Grand Total:                 7 844       92   20 337


*******************************************************************************
*** ENTRY LIST
***

Entry                      Address    Size  Type      Object
-----                      -------    ----  ----      ------
.iar.init_table$$Base   0x08001d7c           --   Gb  - Linker created -
.iar.init_table$$Limit  0x08001d9c           --   Gb  - Linker created -
?main                   0x08001d9d          Code  Gb  cmain.o [5]
CSTACK$$Base            0x20004778           --   Gb  - Linker created -
CSTACK$$Limit           0x20004f78           --   Gb  - Linker created -
ILI9163C_init           0x080001f3   0x1c6  Code  Gb  ILI9163C.o [1]
Region$$Table$$Base     0x08001d7c           --   Gb  - Linker created -
Region$$Table$$Limit    0x08001d9c           --   Gb  - Linker created -
SystemInit              0x08001b19    0xd8  Code  Gb  system_stm32f10x.o [1]
TIM2_IRQHandler         0x08001c05    0x18  Code  Gb  main.o [1]
_Rand_idx               0x2000476c     0x4  Data  Lc  rand.o [3]
_Rand_rv                0x200046ec    0x80  Data  Lc  rand.o [3]
_Randinit               0x20000060     0x1  Data  Gb  rand.o [3]
_Randseed               0x20000064     0x4  Data  Gb  rand.o [3]
__aeabi_cfcmpeq         0x08000a2d          Code  Gb  FltCmpEq.o [4]
__aeabi_cfcmple         0x08000a49          Code  Gb  FltCmpLe.o [4]
__aeabi_cfrcmple        0x080016ed          Code  Gb  FltCmpGe.o [4]
__aeabi_d2f             0x08000c59          Code  Gb  DblToFlt.o [4]
__aeabi_d2iz            0x08000ea1          Code  Gb  DblToS32.o [4]
__aeabi_ddiv            0x08000edd          Code  Gb  DblDiv.o [4]
__aeabi_dmul            0x08000ab5          Code  Gb  DblMul.o [4]
__aeabi_f2d             0x08000a6d          Code  Gb  FltToDbl.o [4]
__aeabi_f2iz            0x08001ac1          Code  Gb  FltToS32.o [4]
__aeabi_fadd            0x080013b5          Code  Gb  FltAdd.o [4]
__aeabi_fdiv            0x08001499          Code  Gb  FltDiv.o [4]
__aeabi_fmul            0x08001595          Code  Gb  FltMul.o [4]
__aeabi_fsub            0x0800166d          Code  Gb  FltSub.o [4]
__aeabi_i2d             0x08000e7d          Code  Gb  S32ToDbl.o [4]
__aeabi_i2f             0x08001391          Code  Gb  S32ToFlt.o [4]
__aeabi_memcpy4         0x08000865          Code  Gb  ABImemcpy.o [5]
__aeabi_memcpy8         0x08000865          Code  Gb  ABImemcpy.o [5]
__cmain                 0x08001d9d          Code  Gb  cmain.o [5]
__exit                  0x08001dd1    0x14  Code  Gb  exit.o [6]
__iar_Sin32             0x08001875   0x214  Code  Lc  cos_sin32.o [4]
__iar_cos32             0x08001ab9     0x4  Code  Gb  cos_sin32.o [4]
__iar_cos_medium32      0x08001ab9     0x4  Code  Gb  cos_sin32.o [4]
__iar_cos_mediumf       0x08001ab9     0x4  Code  Gb  cos_sin32.o [4]
__iar_data_init3        0x08001d55    0x28  Code  Gb  data_init.o [5]
__iar_fadd              0x08001679          Code  Gb  FltSub.o [4]
__iar_floor32           0x08001aed          Code  Gb  floorf.o [4]
__iar_fmax32            0x08001851          Code  Gb  fmaxf.o [4]
__iar_fmin32            0x08001785          Code  Gb  fminf.o [4]
__iar_fsub              0x080013c1          Code  Gb  FltAdd.o [4]
__iar_fsubStart         0x080013d1          Code  Gb  FltAdd.o [4]
__iar_packbits_init_single3
                        0x08001d1d    0x38  Code  Gb  packbits_init_single.o [5]
__iar_program_start     0x08001df5          Code  Gb  cstartup_M.o [5]
__iar_sin32             0x08001abd     0x4  Code  Gb  cos_sin32.o [4]
__iar_sin_medium32      0x08001abd     0x4  Code  Gb  cos_sin32.o [4]
__iar_sin_mediumf       0x08001abd     0x4  Code  Gb  cos_sin32.o [4]
__iar_sqrt32            0x08001711          Code  Gb  sqrtf.o [4]
__iar_systems$$module {Abs}
                        0x00000001          Data  Gb  command line/config [2]
__iar_tan32             0x08001125   0x208  Code  Gb  tan32.o [4]
__iar_tan_medium32      0x08001125   0x208  Code  Gb  tan32.o [4]
__iar_tan_mediumf       0x08001125   0x208  Code  Gb  tan32.o [4]
__iar_zero_init3        0x08001cdd    0x40  Code  Gb  zero_init3.o [5]
__low_level_init        0x08001dbb     0x4  Code  Gb  low_level_init.o [3]
__vector_table          0x08000000          Data  Gb  startup_stm32f10x_md_vl.o [1]
_call_main              0x08001da9          Code  Gb  cmain.o [5]
_exit                   0x08001dc5          Code  Gb  cexit.o [5]
_main                   0x08001db7          Code  Gb  cmain.o [5]
a0_high                 0x0800049d     0xc  Code  Gb  SPI.o [1]
a0_low                  0x080004a9     0xc  Code  Gb  SPI.o [1]
add                     0x08000cc1    0x22  Code  Gb  Point.o [1]
buffer                  0x20000068  0x4684  Data  Gb  renderer.o [1]
c                       0x0800075c     0xc  Data  Gb  renderer.o [1]
clear                   0x080001a1    0x42  Code  Gb  ILI9163C.o [1]
cosf                    0x08001ab9     0x4  Code  Gb  cos_sin32.o [4]
cs_high                 0x080004c1     0xc  Code  Gb  SPI.o [1]
cs_low                  0x080004b5     0xc  Code  Gb  SPI.o [1]
delay                   0x080004f5    0x10  Code  Gb  utility.o [1]
diffuse                 0x08000da7    0x90  Code  Gb  Point.o [1]
display                 0x08000505    0x36  Code  Gb  renderer.o [1]
dot                     0x08000e47    0x2e  Code  Gb  Point.o [1]
drawPixel               0x0800015f    0x42  Code  Gb  ILI9163C.o [1]
exit                    0x08001dbf     0x4  Code  Gb  exit.o [3]
floorf                  0x08001aed          Code  Gb  floorf.o [4]
fmaxf                   0x08001851          Code  Gb  fmaxf.o [4]
fminf                   0x08001785          Code  Gb  fminf.o [4]
generateRay             0x08000769    0xfc  Code  Gb  camera.o [1]
halton                  0x0800132d    0x62  Code  Gb  halton.o [1]
init_SPI                0x080003c5    0xb0  Code  Gb  SPI.o [1]
init_clock              0x08001c1d    0x6c  Code  Gb  main.o [1]
intersectSphere         0x080008ed   0x102  Code  Gb  Sphere.o [1]
length                  0x08000d33    0x30  Code  Gb  Point.o [1]
main                    0x08001c89    0x3e  Code  Gb  main.o [1]
mult                    0x08000d0d    0x26  Code  Gb  Point.o [1]
norm                    0x08000d63    0x2e  Code  Gb  Point.o [1]
rand                    0x080017a9    0x96  Code  Gb  rand.o [3]
render                  0x0800053b    0x84  Code  Gb  renderer.o [1]
reset                   0x08000475    0x28  Code  Gb  SPI.o [1]
samples                 0x20004770     0x1  Data  Gb  renderer.o [1]
sinf                    0x08001abd     0x4  Code  Gb  cos_sin32.o [4]
sphereNormal            0x080009f5    0x36  Code  Gb  Sphere.o [1]
spheres                 0x20000000    0x60  Data  Gb  renderer.o [1]
spi_transmit            0x080004d1    0x10  Code  Gb  SPI.o [1]
sqrtf                   0x08001711          Code  Gb  sqrtf.o [4]
sub                     0x08000ce3    0x22  Code  Gb  Point.o [1]
tanf                    0x08001125   0x208  Code  Gb  tan32.o [4]
trace                   0x080005c7   0x16e  Code  Gb  renderer.o [1]
write_command           0x08000121     0xe  Code  Gb  ILI9163C.o [1]
write_data              0x0800012f     0xc  Code  Gb  ILI9163C.o [1]
write_data_16           0x08000149    0x16  Code  Gb  ILI9163C.o [1]


[1] = D:\Dokumente\STM32Projects\STM32F103C8-Playground\Debug\Obj
[2] = command line
[3] = dl7M_tln.a
[4] = m7M_tl.a
[5] = rt7M_tl.a
[6] = shb_l.a

   7 844 bytes of readonly  code memory
      92 bytes of readonly  data memory
  20 337 bytes of readwrite data memory

Errors: none
Warnings: none
