###############################################################################
#
# IAR ELF Linker V8.22.2.15995/W32 for ARM                23/Apr/2018  21:53:21
# Copyright 2007-2018 IAR Systems AB.
#
#    Output file  =  
#        D:\Dokumente\STM32Projects\STM32F103C8-Playground\Debug\Exe\project.out
#    Map file     =  
#        D:\Dokumente\STM32Projects\STM32F103C8-Playground\Debug\List\project.map
#    Command line =  
#        -f C:\Users\STANDA~1\AppData\Local\Temp\EW9101.tmp
#        (D:\Dokumente\STM32Projects\STM32F103C8-Playground\Debug\Obj\ILI9163C.o
#        D:\Dokumente\STM32Projects\STM32F103C8-Playground\Debug\Obj\main.o
#        D:\Dokumente\STM32Projects\STM32F103C8-Playground\Debug\Obj\SPI.o
#        D:\Dokumente\STM32Projects\STM32F103C8-Playground\Debug\Obj\startup_stm32f10x_md_vl.o
#        D:\Dokumente\STM32Projects\STM32F103C8-Playground\Debug\Obj\system_stm32f10x.o
#        D:\Dokumente\STM32Projects\STM32F103C8-Playground\Debug\Obj\utility.o
#        -o
#        D:\Dokumente\STM32Projects\STM32F103C8-Playground\Debug\Exe\project.out
#        --redirect _Printf=_PrintfFullNoMb --redirect _Scanf=_ScanfFullNoMb
#        --map
#        D:\Dokumente\STM32Projects\STM32F103C8-Playground\Debug\List\project.map
#        --config "D:\Programme\IAR Workbench ARM
#        822\arm\config\linker\ST\stm32f103x8.icf" --semihosting --entry
#        __iar_program_start --vfe --text_out locale)
#
###############################################################################

*******************************************************************************
*** RUNTIME MODEL ATTRIBUTES
***

CppFlavor       = *
__SystemLibrary = DLib
__dlib_version  = 6


*******************************************************************************
*** HEAP SELECTION
***

The basic heap was selected because no calls to memory allocation
functions were found in the application outside of system library
functions, and there are calls to deallocation functions in the
application.


*******************************************************************************
*** PLACEMENT SUMMARY
***

"A0":  place at 0x08000000 { ro section .intvec };
"P1":  place in [from 0x08000000 to 0x0800ffff] { ro };
define block CSTACK with size = 2K, alignment = 8 { };
define block HEAP with size = 2K, alignment = 8 { };
"P2":  place in [from 0x20000000 to 0x20004fff] {
          rw, block CSTACK, block HEAP };

No sections matched the following patterns:

  rw  in "P2"


  Section   Kind        Address   Size  Object
  -------   ----        -------   ----  ------
"A0":                            0x120
  .intvec   ro code  0x08000000  0x120  startup_stm32f10x_md_vl.o [1]
                   - 0x08000120  0x120

"P1":                            0x62c
  .text     ro code  0x08000120  0x200  ILI9163C.o [1]
  .text     ro code  0x08000320  0x144  SPI.o [1]
  .text     ro code  0x08000464    0xc  utility.o [1]
  .text     ro code  0x08000470   0xec  system_stm32f10x.o [1]
  .text     ro code  0x0800055c   0xc8  main.o [1]
  .text     ro code  0x08000624   0x1e  cmain.o [4]
  .text     ro code  0x08000642    0x4  low_level_init.o [3]
  .text     ro code  0x08000646    0x4  exit.o [3]
  .text     ro code  0x0800064c    0xa  cexit.o [4]
  .text     ro code  0x08000658   0x14  exit.o [5]
  .text     ro code  0x0800066c   0x10  startup_stm32f10x_md_vl.o [1]
  .text     ro code  0x0800067c    0xc  cstartup_M.o [4]
  .text     ro code  0x08000688    0x4  startup_stm32f10x_md_vl.o [1]
  .text     ro code  0x0800068c    0x4  startup_stm32f10x_md_vl.o [1]
  .text     ro code  0x08000690    0x4  startup_stm32f10x_md_vl.o [1]
  .text     ro code  0x08000694    0x4  startup_stm32f10x_md_vl.o [1]
  .text     ro code  0x08000698    0x4  startup_stm32f10x_md_vl.o [1]
  .text     ro code  0x0800069c    0x4  startup_stm32f10x_md_vl.o [1]
  .text     ro code  0x080006a0    0x4  startup_stm32f10x_md_vl.o [1]
  .text     ro code  0x080006a4    0x4  startup_stm32f10x_md_vl.o [1]
  .text     ro code  0x080006a8    0x4  startup_stm32f10x_md_vl.o [1]
  .text     ro code  0x080006ac    0x4  startup_stm32f10x_md_vl.o [1]
  .text     ro code  0x080006b0    0x4  startup_stm32f10x_md_vl.o [1]
  .text     ro code  0x080006b4    0x4  startup_stm32f10x_md_vl.o [1]
  .text     ro code  0x080006b8    0x4  startup_stm32f10x_md_vl.o [1]
  .text     ro code  0x080006bc    0x4  startup_stm32f10x_md_vl.o [1]
  .text     ro code  0x080006c0    0x4  startup_stm32f10x_md_vl.o [1]
  .text     ro code  0x080006c4    0x4  startup_stm32f10x_md_vl.o [1]
  .text     ro code  0x080006c8    0x4  startup_stm32f10x_md_vl.o [1]
  .text     ro code  0x080006cc    0x4  startup_stm32f10x_md_vl.o [1]
  .text     ro code  0x080006d0    0x4  startup_stm32f10x_md_vl.o [1]
  .text     ro code  0x080006d4    0x4  startup_stm32f10x_md_vl.o [1]
  .text     ro code  0x080006d8    0x4  startup_stm32f10x_md_vl.o [1]
  .text     ro code  0x080006dc    0x4  startup_stm32f10x_md_vl.o [1]
  .text     ro code  0x080006e0    0x4  startup_stm32f10x_md_vl.o [1]
  .text     ro code  0x080006e4    0x4  startup_stm32f10x_md_vl.o [1]
  .text     ro code  0x080006e8    0x4  startup_stm32f10x_md_vl.o [1]
  .text     ro code  0x080006ec    0x4  startup_stm32f10x_md_vl.o [1]
  .text     ro code  0x080006f0    0x4  startup_stm32f10x_md_vl.o [1]
  .text     ro code  0x080006f4    0x4  startup_stm32f10x_md_vl.o [1]
  .text     ro code  0x080006f8    0x4  startup_stm32f10x_md_vl.o [1]
  .text     ro code  0x080006fc    0x4  startup_stm32f10x_md_vl.o [1]
  .text     ro code  0x08000700    0x4  startup_stm32f10x_md_vl.o [1]
  .text     ro code  0x08000704    0x4  startup_stm32f10x_md_vl.o [1]
  .text     ro code  0x08000708    0x4  startup_stm32f10x_md_vl.o [1]
  .text     ro code  0x0800070c    0x4  startup_stm32f10x_md_vl.o [1]
  .text     ro code  0x08000710    0x4  startup_stm32f10x_md_vl.o [1]
  .text     ro code  0x08000714    0x4  startup_stm32f10x_md_vl.o [1]
  .text     ro code  0x08000718    0x4  startup_stm32f10x_md_vl.o [1]
  .text     ro code  0x0800071c    0x4  startup_stm32f10x_md_vl.o [1]
  .text     ro code  0x08000720    0x4  startup_stm32f10x_md_vl.o [1]
  .text     ro code  0x08000724    0x4  startup_stm32f10x_md_vl.o [1]
  .text     ro code  0x08000728    0x4  startup_stm32f10x_md_vl.o [1]
  .text     ro code  0x0800072c    0x4  startup_stm32f10x_md_vl.o [1]
  .text     ro code  0x08000730    0x4  startup_stm32f10x_md_vl.o [1]
  .text     ro code  0x08000734    0x4  startup_stm32f10x_md_vl.o [1]
  .text     ro code  0x08000738    0x4  startup_stm32f10x_md_vl.o [1]
  .text     ro code  0x0800073c    0x4  startup_stm32f10x_md_vl.o [1]
  .text     ro code  0x08000740    0x4  startup_stm32f10x_md_vl.o [1]
  .text     ro code  0x08000744    0x4  startup_stm32f10x_md_vl.o [1]
  .text     ro code  0x08000748    0x4  startup_stm32f10x_md_vl.o [1]
                   - 0x0800074c  0x62c

"P2":                            0x800
  CSTACK             0x20000000  0x800  <Block>
    CSTACK  uninit   0x20000000  0x800  <Block tail>
                   - 0x20000800  0x800



*******************************************************************************
*** MODULE SUMMARY
***

    Module                     ro code  rw data
    ------                     -------  -------
D:\Dokumente\STM32Projects\STM32F103C8-Playground\Debug\Obj: [1]
    ILI9163C.o                     512
    SPI.o                          324
    main.o                         200
    startup_stm32f10x_md_vl.o      500
    system_stm32f10x.o             236
    utility.o                       12
    -------------------------------------------
    Total:                       1 784

command line: [2]
    -------------------------------------------
    Total:

dl7M_tln.a: [3]
    exit.o                           4
    low_level_init.o                 4
    -------------------------------------------
    Total:                           8

rt7M_tl.a: [4]
    cexit.o                         10
    cmain.o                         30
    cstartup_M.o                    12
    -------------------------------------------
    Total:                          52

shb_l.a: [5]
    exit.o                          20
    -------------------------------------------
    Total:                          20

    Gaps                             4
    Linker created                        2 048
-----------------------------------------------
    Grand Total:                 1 868    2 048


*******************************************************************************
*** ENTRY LIST
***

Entry                      Address   Size  Type      Object
-----                      -------   ----  ----      ------
?main                   0x08000625         Code  Gb  cmain.o [4]
CSTACK$$Base            0x20000000          --   Gb  - Linker created -
CSTACK$$Limit           0x20000800          --   Gb  - Linker created -
ILI9163C_init           0x08000149  0x1ca  Code  Gb  ILI9163C.o [1]
Region$$Table$$Base     0x00000000          --   Gb  - Linker created -
Region$$Table$$Limit    0x00000000          --   Gb  - Linker created -
SystemInit              0x08000471   0xd8  Code  Gb  system_stm32f10x.o [1]
TIM2_IRQHandler         0x0800055d   0x18  Code  Gb  main.o [1]
__cmain                 0x08000625         Code  Gb  cmain.o [4]
__exit                  0x08000659   0x14  Code  Gb  exit.o [5]
__iar_program_start     0x0800067d         Code  Gb  cstartup_M.o [4]
__iar_systems$$module {Abs}
                        0x00000001         Data  Gb  command line/config [2]
__low_level_init        0x08000643    0x4  Code  Gb  low_level_init.o [3]
__vector_table          0x08000000         Data  Gb  startup_stm32f10x_md_vl.o [1]
_call_main              0x08000631         Code  Gb  cmain.o [4]
_exit                   0x0800064d         Code  Gb  cexit.o [4]
_main                   0x0800063f         Code  Gb  cmain.o [4]
a0_high                 0x0800040d    0xc  Code  Gb  SPI.o [1]
a0_low                  0x08000419    0xc  Code  Gb  SPI.o [1]
cs_high                 0x08000431    0xc  Code  Gb  SPI.o [1]
cs_low                  0x08000425    0xc  Code  Gb  SPI.o [1]
delay                   0x08000465    0xc  Code  Gb  utility.o [1]
exit                    0x08000647    0x4  Code  Gb  exit.o [3]
init_SPI                0x08000321   0xb8  Code  Gb  SPI.o [1]
init_clock              0x08000575   0x6c  Code  Gb  main.o [1]
main                    0x080005e1   0x30  Code  Gb  main.o [1]
reset                   0x080003e5   0x28  Code  Gb  SPI.o [1]
reset_high              0x080003d9    0xc  Code  Gb  SPI.o [1]
spi_transmit            0x08000441   0x10  Code  Gb  SPI.o [1]
write_command           0x08000121    0xe  Code  Gb  ILI9163C.o [1]
write_data              0x0800012f    0xc  Code  Gb  ILI9163C.o [1]


[1] = D:\Dokumente\STM32Projects\STM32F103C8-Playground\Debug\Obj
[2] = command line
[3] = dl7M_tln.a
[4] = rt7M_tl.a
[5] = shb_l.a

  1 868 bytes of readonly  code memory
  2 048 bytes of readwrite data memory

Errors: none
Warnings: none
