###############################################################################
#
# IAR ELF Linker V8.22.2.15995/W32 for ARM                25/Apr/2018  21:35:18
# Copyright 2007-2018 IAR Systems AB.
#
#    Output file  =  
#        D:\Dokumente\STM32Projects\STM32F103C8-Playground\Debug\Exe\project.out
#    Map file     =  
#        D:\Dokumente\STM32Projects\STM32F103C8-Playground\Debug\List\project.map
#    Command line =  
#        -f C:\Users\STANDA~1\AppData\Local\Temp\EWCEFA.tmp
#        (D:\Dokumente\STM32Projects\STM32F103C8-Playground\Debug\Obj\camera.o
#        D:\Dokumente\STM32Projects\STM32F103C8-Playground\Debug\Obj\halton.o
#        D:\Dokumente\STM32Projects\STM32F103C8-Playground\Debug\Obj\ILI9163C.o
#        D:\Dokumente\STM32Projects\STM32F103C8-Playground\Debug\Obj\main.o
#        D:\Dokumente\STM32Projects\STM32F103C8-Playground\Debug\Obj\Point.o
#        D:\Dokumente\STM32Projects\STM32F103C8-Playground\Debug\Obj\Ray.o
#        D:\Dokumente\STM32Projects\STM32F103C8-Playground\Debug\Obj\renderer.o
#        D:\Dokumente\STM32Projects\STM32F103C8-Playground\Debug\Obj\RGB.o
#        D:\Dokumente\STM32Projects\STM32F103C8-Playground\Debug\Obj\Sphere.o
#        D:\Dokumente\STM32Projects\STM32F103C8-Playground\Debug\Obj\SPI.o
#        D:\Dokumente\STM32Projects\STM32F103C8-Playground\Debug\Obj\startup_stm32f10x_md_vl.o
#        D:\Dokumente\STM32Projects\STM32F103C8-Playground\Debug\Obj\system_stm32f10x.o
#        D:\Dokumente\STM32Projects\STM32F103C8-Playground\Debug\Obj\uart.o
#        D:\Dokumente\STM32Projects\STM32F103C8-Playground\Debug\Obj\utility.o
#        -o
#        D:\Dokumente\STM32Projects\STM32F103C8-Playground\Debug\Exe\project.out
#        --redirect _Printf=_PrintfFullNoMb --redirect _Scanf=_ScanfFullNoMb
#        --map
#        D:\Dokumente\STM32Projects\STM32F103C8-Playground\Debug\List\project.map
#        --config "D:\Programme\IAR Workbench ARM
#        822\arm\config\linker\ST\stm32f103x8.icf" --semihosting --entry
#        __iar_program_start --vfe --text_out locale)
#
###############################################################################

*******************************************************************************
*** RUNTIME MODEL ATTRIBUTES
***

CppFlavor       = *
__SystemLibrary = DLib
__dlib_version  = 6


*******************************************************************************
*** HEAP SELECTION
***

The basic heap was selected because no calls to memory allocation
functions were found in the application outside of system library
functions, and there are calls to deallocation functions in the
application.


*******************************************************************************
*** PLACEMENT SUMMARY
***

"A0":  place at 0x08000000 { ro section .intvec };
"P1":  place in [from 0x08000000 to 0x0800ffff] { ro };
define block CSTACK with size = 2K, alignment = 8 { };
define block HEAP with size = 2K, alignment = 8 { };
"P2":  place in [from 0x20000000 to 0x20004fff] {
          rw, block CSTACK, block HEAP };
initialize by copy { rw };

  Section            Kind        Address    Size  Object
  -------            ----        -------    ----  ------
"A0":                                      0x120
  .intvec            ro code  0x08000000   0x120  startup_stm32f10x_md_vl.o [1]
                            - 0x08000120   0x120

"P1":                                     0x1e91
  .text              ro code  0x08000120   0x32c  ILI9163C.o [1]
  .text              ro code  0x0800044c   0x1a4  SPI.o [1]
  .text              ro code  0x080005f0    0x14  utility.o [1]
  .text              ro code  0x08000604   0x308  renderer.o [1]
  .text              ro code  0x0800090c   0x114  camera.o [1]
  .text              ro code  0x08000a20    0x86  ABImemcpy.o [5]
  .text              ro code  0x08000aa8   0x164  Sphere.o [1]
  .text              ro code  0x08000c0c    0x1c  FltCmpEq.o [4]
  .text              ro code  0x08000c28    0x24  FltCmpLe.o [4]
  .text              ro code  0x08000c4c    0x48  FltToDbl.o [4]
  .text              ro code  0x08000c94   0x1a2  DblMul.o [4]
  .text              ro code  0x08000e38    0x68  DblToFlt.o [4]
  .text              ro code  0x08000ea0   0x1de  Point.o [1]
  .text              ro code  0x08001080   0x208  tan32.o [4]
  .text              ro code  0x08001288    0xfc  FltDiv.o [4]
  .text              ro code  0x08001384    0x24  S32ToFlt.o [4]
  .text              ro code  0x080013a8    0x76  halton.o [1]
  .text              ro code  0x08001420    0xe2  FltAdd.o [4]
  .text              ro code  0x08001504    0xd8  FltMul.o [4]
  .text              ro code  0x080015dc    0x80  FltSub.o [4]
  .text              ro code  0x0800165c    0x24  FltCmpGe.o [4]
  .text              ro code  0x08001680    0x74  sqrtf.o [4]
  .text              ro code  0x080016f4    0x24  fminf.o [4]
  .text              ro code  0x08001718    0xa8  rand.o [3]
  .text              ro code  0x080017c0    0x24  fmaxf.o [4]
  .text              ro code  0x080017e4   0x24c  cos_sin32.o [4]
  .text              ro code  0x08001a30    0x2a  FltToS32.o [4]
  .text              ro code  0x08001a5c    0x2c  floorf.o [4]
  .text              ro code  0x08001a88   0x158  system_stm32f10x.o [1]
  .text              ro code  0x08001be0   0x114  main.o [1]
  .text              ro code  0x08001cf4    0x80  uart.o [1]
  .text              ro code  0x08001d74    0x40  zero_init3.o [5]
  .text              ro code  0x08001db4    0x38  packbits_init_single.o [5]
  .text              ro code  0x08001dec    0x28  data_init.o [5]
  .iar.init_table    const    0x08001e14    0x20  - Linker created -
  .text              ro code  0x08001e34    0x1e  cmain.o [5]
  .text              ro code  0x08001e52     0x4  low_level_init.o [3]
  .text              ro code  0x08001e56     0x4  exit.o [3]
  .text              ro code  0x08001e5c     0xa  cexit.o [5]
  .text              ro code  0x08001e68    0x14  exit.o [6]
  .text              ro code  0x08001e7c    0x10  startup_stm32f10x_md_vl.o [1]
  .rodata            const    0x08001e8c     0xc  renderer.o [1]
  .text              ro code  0x08001e98     0xc  cstartup_M.o [5]
  .text              ro code  0x08001ea4     0x4  startup_stm32f10x_md_vl.o [1]
  .text              ro code  0x08001ea8     0x4  startup_stm32f10x_md_vl.o [1]
  .text              ro code  0x08001eac     0x4  startup_stm32f10x_md_vl.o [1]
  .text              ro code  0x08001eb0     0x4  startup_stm32f10x_md_vl.o [1]
  .text              ro code  0x08001eb4     0x4  startup_stm32f10x_md_vl.o [1]
  .text              ro code  0x08001eb8     0x4  startup_stm32f10x_md_vl.o [1]
  .text              ro code  0x08001ebc     0x4  startup_stm32f10x_md_vl.o [1]
  .text              ro code  0x08001ec0     0x4  startup_stm32f10x_md_vl.o [1]
  .text              ro code  0x08001ec4     0x4  startup_stm32f10x_md_vl.o [1]
  .text              ro code  0x08001ec8     0x4  startup_stm32f10x_md_vl.o [1]
  .text              ro code  0x08001ecc     0x4  startup_stm32f10x_md_vl.o [1]
  .text              ro code  0x08001ed0     0x4  startup_stm32f10x_md_vl.o [1]
  .text              ro code  0x08001ed4     0x4  startup_stm32f10x_md_vl.o [1]
  .text              ro code  0x08001ed8     0x4  startup_stm32f10x_md_vl.o [1]
  .text              ro code  0x08001edc     0x4  startup_stm32f10x_md_vl.o [1]
  .text              ro code  0x08001ee0     0x4  startup_stm32f10x_md_vl.o [1]
  .text              ro code  0x08001ee4     0x4  startup_stm32f10x_md_vl.o [1]
  .text              ro code  0x08001ee8     0x4  startup_stm32f10x_md_vl.o [1]
  .text              ro code  0x08001eec     0x4  startup_stm32f10x_md_vl.o [1]
  .text              ro code  0x08001ef0     0x4  startup_stm32f10x_md_vl.o [1]
  .text              ro code  0x08001ef4     0x4  startup_stm32f10x_md_vl.o [1]
  .text              ro code  0x08001ef8     0x4  startup_stm32f10x_md_vl.o [1]
  .text              ro code  0x08001efc     0x4  startup_stm32f10x_md_vl.o [1]
  .text              ro code  0x08001f00     0x4  startup_stm32f10x_md_vl.o [1]
  .text              ro code  0x08001f04     0x4  startup_stm32f10x_md_vl.o [1]
  .text              ro code  0x08001f08     0x4  startup_stm32f10x_md_vl.o [1]
  .text              ro code  0x08001f0c     0x4  startup_stm32f10x_md_vl.o [1]
  .text              ro code  0x08001f10     0x4  startup_stm32f10x_md_vl.o [1]
  .text              ro code  0x08001f14     0x4  startup_stm32f10x_md_vl.o [1]
  .text              ro code  0x08001f18     0x4  startup_stm32f10x_md_vl.o [1]
  .text              ro code  0x08001f1c     0x4  startup_stm32f10x_md_vl.o [1]
  .text              ro code  0x08001f20     0x4  startup_stm32f10x_md_vl.o [1]
  .text              ro code  0x08001f24     0x4  startup_stm32f10x_md_vl.o [1]
  .text              ro code  0x08001f28     0x4  startup_stm32f10x_md_vl.o [1]
  .text              ro code  0x08001f2c     0x4  startup_stm32f10x_md_vl.o [1]
  .text              ro code  0x08001f30     0x4  startup_stm32f10x_md_vl.o [1]
  .text              ro code  0x08001f34     0x4  startup_stm32f10x_md_vl.o [1]
  .text              ro code  0x08001f38     0x4  startup_stm32f10x_md_vl.o [1]
  .text              ro code  0x08001f3c     0x4  startup_stm32f10x_md_vl.o [1]
  .text              ro code  0x08001f40     0x4  startup_stm32f10x_md_vl.o [1]
  .text              ro code  0x08001f44     0x4  startup_stm32f10x_md_vl.o [1]
  .text              ro code  0x08001f48     0x4  startup_stm32f10x_md_vl.o [1]
  .text              ro code  0x08001f4c     0x4  startup_stm32f10x_md_vl.o [1]
  .text              ro code  0x08001f50     0x4  startup_stm32f10x_md_vl.o [1]
  .text              ro code  0x08001f54     0x4  startup_stm32f10x_md_vl.o [1]
  .text              ro code  0x08001f58     0x4  startup_stm32f10x_md_vl.o [1]
  .text              ro code  0x08001f5c     0x4  startup_stm32f10x_md_vl.o [1]
  .text              ro code  0x08001f60     0x4  startup_stm32f10x_md_vl.o [1]
  .text              ro code  0x08001f64     0x4  startup_stm32f10x_md_vl.o [1]
  .rodata            const    0x08001f68     0x0  zero_init3.o [5]
  .rodata            const    0x08001f68     0x0  packbits_init_single.o [5]
  Initializer bytes  const    0x08001f68    0x49  <for P2-1>
                            - 0x08001fb1  0x1e91

"P2", part 1 of 3:                          0x68
  P2-1                        0x20000000    0x68  <Init block>
    .data            inited   0x20000000    0x60  renderer.o [1]
    .data            inited   0x20000060     0x8  rand.o [3]
                            - 0x20000068    0x68

"P2", part 2 of 3:                        0x4770
  .bss               zero     0x20000068  0x46e8  renderer.o [1]
  .bss               zero     0x20004750    0x84  rand.o [3]
  .bss               zero     0x200047d4     0x1  renderer.o [1]
                            - 0x200047d5  0x476d

"P2", part 3 of 3:                         0x800
  CSTACK                      0x200047d8   0x800  <Block>
    CSTACK           uninit   0x200047d8   0x800  <Block tail>
                            - 0x20004fd8   0x800


*******************************************************************************
*** INIT TABLE
***

          Address     Size
          -------     ----
Zero (__iar_zero_init3)
    1 destination range, total size 0x476d:
          0x20000068  0x476d

Copy/packbits (__iar_packbits_init_single3)
    1 source range, total size 0x49 (70% of destination):
          0x08001f68    0x49
    1 destination range, total size 0x68:
          0x20000000    0x68



*******************************************************************************
*** MODULE SUMMARY
***

    Module                     ro code  ro data  rw data
    ------                     -------  -------  -------
D:\Dokumente\STM32Projects\STM32F103C8-Playground\Debug\Obj: [1]
    ILI9163C.o                     812
    Point.o                        478
    SPI.o                          420
    Sphere.o                       356
    camera.o                       276
    halton.o                       118
    main.o                         276
    renderer.o                     776       79   18 249
    startup_stm32f10x_md_vl.o      500
    system_stm32f10x.o             344
    uart.o                         128
    utility.o                       20
    ----------------------------------------------------
    Total:                       4 504       79   18 249

command line: [2]
    ----------------------------------------------------
    Total:

dl7M_tln.a: [3]
    exit.o                           4
    low_level_init.o                 4
    rand.o                         168        6      140
    ----------------------------------------------------
    Total:                         176        6      140

m7M_tl.a: [4]
    DblMul.o                       418
    DblToFlt.o                     104
    FltAdd.o                       226
    FltCmpEq.o                      28
    FltCmpGe.o                      36
    FltCmpLe.o                      36
    FltDiv.o                       252
    FltMul.o                       216
    FltSub.o                       128
    FltToDbl.o                      72
    FltToS32.o                      42
    S32ToFlt.o                      36
    cos_sin32.o                    588
    floorf.o                        44
    fmaxf.o                         36
    fminf.o                         36
    sqrtf.o                        116
    tan32.o                        520
    ----------------------------------------------------
    Total:                       2 934

rt7M_tl.a: [5]
    ABImemcpy.o                    134
    cexit.o                         10
    cmain.o                         30
    cstartup_M.o                    12
    data_init.o                     40
    packbits_init_single.o          56
    zero_init3.o                    64
    ----------------------------------------------------
    Total:                         346

shb_l.a: [6]
    exit.o                          20
    ----------------------------------------------------
    Total:                          20

    Gaps                            16
    Linker created                           32    2 048
--------------------------------------------------------
    Grand Total:                 7 996      117   20 437


*******************************************************************************
*** ENTRY LIST
***

Entry                      Address    Size  Type      Object
-----                      -------    ----  ----      ------
.iar.init_table$$Base   0x08001e14           --   Gb  - Linker created -
.iar.init_table$$Limit  0x08001e34           --   Gb  - Linker created -
?main                   0x08001e35          Code  Gb  cmain.o [5]
CSTACK$$Base            0x200047d8           --   Gb  - Linker created -
CSTACK$$Limit           0x20004fd8           --   Gb  - Linker created -
ILI9163C_init           0x08000235   0x218  Code  Gb  ILI9163C.o [1]
Region$$Table$$Base     0x08001e14           --   Gb  - Linker created -
Region$$Table$$Limit    0x08001e34           --   Gb  - Linker created -
SetSysClock             0x08001add     0x8  Code  Lc  system_stm32f10x.o [1]
SetSysClockTo72         0x08001ae5    0xe0  Code  Lc  system_stm32f10x.o [1]
SystemInit              0x08001a89    0x54  Code  Gb  system_stm32f10x.o [1]
TIM2_IRQHandler         0x08001be1    0x1c  Code  Gb  main.o [1]
_Rand_idx               0x200047d0     0x4  Data  Lc  rand.o [3]
_Rand_rv                0x20004750    0x80  Data  Lc  rand.o [3]
_Randinit               0x20000060     0x1  Data  Gb  rand.o [3]
_Randseed               0x20000064     0x4  Data  Gb  rand.o [3]
__aeabi_cfcmpeq         0x08000c0d          Code  Gb  FltCmpEq.o [4]
__aeabi_cfcmple         0x08000c29          Code  Gb  FltCmpLe.o [4]
__aeabi_cfrcmple        0x0800165d          Code  Gb  FltCmpGe.o [4]
__aeabi_d2f             0x08000e39          Code  Gb  DblToFlt.o [4]
__aeabi_dmul            0x08000c95          Code  Gb  DblMul.o [4]
__aeabi_f2d             0x08000c4d          Code  Gb  FltToDbl.o [4]
__aeabi_f2iz            0x08001a31          Code  Gb  FltToS32.o [4]
__aeabi_fadd            0x08001421          Code  Gb  FltAdd.o [4]
__aeabi_fdiv            0x08001289          Code  Gb  FltDiv.o [4]
__aeabi_fmul            0x08001505          Code  Gb  FltMul.o [4]
__aeabi_fsub            0x080015dd          Code  Gb  FltSub.o [4]
__aeabi_i2f             0x08001385          Code  Gb  S32ToFlt.o [4]
__aeabi_memcpy4         0x08000a21          Code  Gb  ABImemcpy.o [5]
__aeabi_memcpy8         0x08000a21          Code  Gb  ABImemcpy.o [5]
__cmain                 0x08001e35          Code  Gb  cmain.o [5]
__exit                  0x08001e69    0x14  Code  Gb  exit.o [6]
__iar_Sin32             0x080017e5   0x214  Code  Lc  cos_sin32.o [4]
__iar_cos32             0x08001a29     0x4  Code  Gb  cos_sin32.o [4]
__iar_cos_medium32      0x08001a29     0x4  Code  Gb  cos_sin32.o [4]
__iar_cos_mediumf       0x08001a29     0x4  Code  Gb  cos_sin32.o [4]
__iar_data_init3        0x08001ded    0x28  Code  Gb  data_init.o [5]
__iar_fadd              0x080015e9          Code  Gb  FltSub.o [4]
__iar_floor32           0x08001a5d          Code  Gb  floorf.o [4]
__iar_fmax32            0x080017c1          Code  Gb  fmaxf.o [4]
__iar_fmin32            0x080016f5          Code  Gb  fminf.o [4]
__iar_fsub              0x0800142d          Code  Gb  FltAdd.o [4]
__iar_fsubStart         0x0800143d          Code  Gb  FltAdd.o [4]
__iar_packbits_init_single3
                        0x08001db5    0x38  Code  Gb  packbits_init_single.o [5]
__iar_program_start     0x08001e99          Code  Gb  cstartup_M.o [5]
__iar_sin32             0x08001a2d     0x4  Code  Gb  cos_sin32.o [4]
__iar_sin_medium32      0x08001a2d     0x4  Code  Gb  cos_sin32.o [4]
__iar_sin_mediumf       0x08001a2d     0x4  Code  Gb  cos_sin32.o [4]
__iar_sqrt32            0x08001681          Code  Gb  sqrtf.o [4]
__iar_systems$$module {Abs}
                        0x00000001          Data  Gb  command line/config [2]
__iar_tan32             0x08001081   0x208  Code  Gb  tan32.o [4]
__iar_tan_medium32      0x08001081   0x208  Code  Gb  tan32.o [4]
__iar_tan_mediumf       0x08001081   0x208  Code  Gb  tan32.o [4]
__iar_zero_init3        0x08001d75    0x40  Code  Gb  zero_init3.o [5]
__low_level_init        0x08001e53     0x4  Code  Gb  low_level_init.o [3]
__vector_table          0x08000000          Data  Gb  startup_stm32f10x_md_vl.o [1]
_call_main              0x08001e41          Code  Gb  cmain.o [5]
_exit                   0x08001e5d          Code  Gb  cexit.o [5]
_main                   0x08001e4f          Code  Gb  cmain.o [5]
a0_high                 0x08000583     0xe  Code  Gb  SPI.o [1]
a0_low                  0x08000591     0xe  Code  Gb  SPI.o [1]
add                     0x08000ea1    0x32  Code  Gb  Point.o [1]
buffer                  0x20000068  0x46e8  Data  Gb  renderer.o [1]
c                       0x08001e8c     0xc  Data  Gb  renderer.o [1]
clear                   0x080001d3    0x62  Code  Gb  ILI9163C.o [1]
cosf                    0x08001a29     0x4  Code  Gb  cos_sin32.o [4]
cs_high                 0x080005ad     0xe  Code  Gb  SPI.o [1]
cs_low                  0x0800059f     0xe  Code  Gb  SPI.o [1]
delay                   0x080005f1    0x14  Code  Gb  utility.o [1]
diffuse                 0x08000fa9    0xa0  Code  Gb  Point.o [1]
display                 0x08000605    0xa0  Code  Gb  renderer.o [1]
dot                     0x0800104d    0x32  Code  Gb  Point.o [1]
drawPixel               0x0800017b    0x58  Code  Gb  ILI9163C.o [1]
exit                    0x08001e57     0x4  Code  Gb  exit.o [3]
floorf                  0x08001a5d          Code  Gb  floorf.o [4]
fmaxf                   0x080017c1          Code  Gb  fmaxf.o [4]
fminf                   0x080016f5          Code  Gb  fminf.o [4]
generateRay             0x0800090d   0x114  Code  Gb  camera.o [1]
halton                  0x080013a9    0x76  Code  Gb  halton.o [1]
init_SPI                0x0800044d    0xfe  Code  Gb  SPI.o [1]
init_UART               0x08001cf5    0x6a  Code  Gb  uart.o [1]
init_clock              0x08001bfd    0x92  Code  Gb  main.o [1]
intersectSphere         0x08000aa9   0x126  Code  Gb  Sphere.o [1]
length                  0x08000f39    0x34  Code  Gb  Point.o [1]
main                    0x08001c8f    0x4c  Code  Gb  main.o [1]
mult                    0x08000f05    0x34  Code  Gb  Point.o [1]
norm                    0x08000f6d    0x3c  Code  Gb  Point.o [1]
rand                    0x08001719    0x96  Code  Gb  rand.o [3]
render                  0x080006a5    0xc4  Code  Gb  renderer.o [1]
reset                   0x08000567    0x1c  Code  Gb  SPI.o [1]
reset_high              0x0800054b     0xe  Code  Gb  SPI.o [1]
reset_low               0x08000559     0xe  Code  Gb  SPI.o [1]
samples                 0x200047d4     0x1  Data  Gb  renderer.o [1]
sinf                    0x08001a2d     0x4  Code  Gb  cos_sin32.o [4]
sphereNormal            0x08000bd5    0x38  Code  Gb  Sphere.o [1]
spheres                 0x20000000    0x60  Data  Gb  renderer.o [1]
spi_transmit            0x080005bd    0x16  Code  Gb  SPI.o [1]
sqrtf                   0x08001681          Code  Gb  sqrtf.o [4]
sub                     0x08000ed3    0x32  Code  Gb  Point.o [1]
tanf                    0x08001081   0x208  Code  Gb  tan32.o [4]
trace                   0x08000769   0x182  Code  Gb  renderer.o [1]
write_command           0x08000121    0x1a  Code  Gb  ILI9163C.o [1]
write_data              0x0800013b    0x1a  Code  Gb  ILI9163C.o [1]
write_data_16           0x08000155    0x26  Code  Gb  ILI9163C.o [1]


[1] = D:\Dokumente\STM32Projects\STM32F103C8-Playground\Debug\Obj
[2] = command line
[3] = dl7M_tln.a
[4] = m7M_tl.a
[5] = rt7M_tl.a
[6] = shb_l.a

   7 996 bytes of readonly  code memory
     117 bytes of readonly  data memory
  20 437 bytes of readwrite data memory

Errors: none
Warnings: none
