###############################################################################
#
# IAR ELF Linker V8.22.2.15995/W32 for ARM                23/Apr/2018  19:19:01
# Copyright 2007-2018 IAR Systems AB.
#
#    Output file  =  
#        D:\Dokumente\STM32Projects\STM32F103C8-Playground\Debug\Exe\project.out
#    Map file     =  
#        D:\Dokumente\STM32Projects\STM32F103C8-Playground\Debug\List\project.map
#    Command line =  
#        -f C:\Users\STANDA~1\AppData\Local\Temp\EW3913.tmp
#        (D:\Dokumente\STM32Projects\STM32F103C8-Playground\Debug\Obj\main.o
#        D:\Dokumente\STM32Projects\STM32F103C8-Playground\Debug\Obj\startup_stm32f10x_md_vl.o
#        D:\Dokumente\STM32Projects\STM32F103C8-Playground\Debug\Obj\system_stm32f10x.o
#        -o
#        D:\Dokumente\STM32Projects\STM32F103C8-Playground\Debug\Exe\project.out
#        --redirect _Printf=_PrintfFullNoMb --redirect _Scanf=_ScanfFullNoMb
#        --map
#        D:\Dokumente\STM32Projects\STM32F103C8-Playground\Debug\List\project.map
#        --config "D:\Programme\IAR Workbench ARM
#        822\arm\config\linker\ST\stm32f103x8.icf" --semihosting --entry
#        __iar_program_start --vfe --text_out locale)
#
###############################################################################

*******************************************************************************
*** RUNTIME MODEL ATTRIBUTES
***

CppFlavor       = *
__SystemLibrary = DLib
__dlib_version  = 6


*******************************************************************************
*** HEAP SELECTION
***

The basic heap was selected because no calls to memory allocation
functions were found in the application outside of system library
functions, and there are calls to deallocation functions in the
application.


*******************************************************************************
*** PLACEMENT SUMMARY
***

"A0":  place at 0x08000000 { ro section .intvec };
"P1":  place in [from 0x08000000 to 0x0800ffff] { ro };
define block CSTACK with size = 2K, alignment = 8 { };
define block HEAP with size = 2K, alignment = 8 { };
"P2":  place in [from 0x20000000 to 0x20004fff] {
          rw, block CSTACK, block HEAP };

No sections matched the following patterns:

  rw  in "P2"


  Section   Kind        Address   Size  Object
  -------   ----        -------   ----  ------
"A0":                            0x120
  .intvec   ro code  0x08000000  0x120  startup_stm32f10x_md_vl.o [1]
                   - 0x08000120  0x120

"P1":                            0x30c
  .text     ro code  0x08000120   0xf8  main.o [1]
  .text     ro code  0x08000218   0xec  system_stm32f10x.o [1]
  .text     ro code  0x08000304   0x1e  cmain.o [4]
  .text     ro code  0x08000322    0x4  low_level_init.o [3]
  .text     ro code  0x08000326    0x4  exit.o [3]
  .text     ro code  0x0800032c    0xa  cexit.o [4]
  .text     ro code  0x08000338   0x14  exit.o [5]
  .text     ro code  0x0800034c   0x10  startup_stm32f10x_md_vl.o [1]
  .text     ro code  0x0800035c    0xc  cstartup_M.o [4]
  .text     ro code  0x08000368    0x4  startup_stm32f10x_md_vl.o [1]
  .text     ro code  0x0800036c    0x4  startup_stm32f10x_md_vl.o [1]
  .text     ro code  0x08000370    0x4  startup_stm32f10x_md_vl.o [1]
  .text     ro code  0x08000374    0x4  startup_stm32f10x_md_vl.o [1]
  .text     ro code  0x08000378    0x4  startup_stm32f10x_md_vl.o [1]
  .text     ro code  0x0800037c    0x4  startup_stm32f10x_md_vl.o [1]
  .text     ro code  0x08000380    0x4  startup_stm32f10x_md_vl.o [1]
  .text     ro code  0x08000384    0x4  startup_stm32f10x_md_vl.o [1]
  .text     ro code  0x08000388    0x4  startup_stm32f10x_md_vl.o [1]
  .text     ro code  0x0800038c    0x4  startup_stm32f10x_md_vl.o [1]
  .text     ro code  0x08000390    0x4  startup_stm32f10x_md_vl.o [1]
  .text     ro code  0x08000394    0x4  startup_stm32f10x_md_vl.o [1]
  .text     ro code  0x08000398    0x4  startup_stm32f10x_md_vl.o [1]
  .text     ro code  0x0800039c    0x4  startup_stm32f10x_md_vl.o [1]
  .text     ro code  0x080003a0    0x4  startup_stm32f10x_md_vl.o [1]
  .text     ro code  0x080003a4    0x4  startup_stm32f10x_md_vl.o [1]
  .text     ro code  0x080003a8    0x4  startup_stm32f10x_md_vl.o [1]
  .text     ro code  0x080003ac    0x4  startup_stm32f10x_md_vl.o [1]
  .text     ro code  0x080003b0    0x4  startup_stm32f10x_md_vl.o [1]
  .text     ro code  0x080003b4    0x4  startup_stm32f10x_md_vl.o [1]
  .text     ro code  0x080003b8    0x4  startup_stm32f10x_md_vl.o [1]
  .text     ro code  0x080003bc    0x4  startup_stm32f10x_md_vl.o [1]
  .text     ro code  0x080003c0    0x4  startup_stm32f10x_md_vl.o [1]
  .text     ro code  0x080003c4    0x4  startup_stm32f10x_md_vl.o [1]
  .text     ro code  0x080003c8    0x4  startup_stm32f10x_md_vl.o [1]
  .text     ro code  0x080003cc    0x4  startup_stm32f10x_md_vl.o [1]
  .text     ro code  0x080003d0    0x4  startup_stm32f10x_md_vl.o [1]
  .text     ro code  0x080003d4    0x4  startup_stm32f10x_md_vl.o [1]
  .text     ro code  0x080003d8    0x4  startup_stm32f10x_md_vl.o [1]
  .text     ro code  0x080003dc    0x4  startup_stm32f10x_md_vl.o [1]
  .text     ro code  0x080003e0    0x4  startup_stm32f10x_md_vl.o [1]
  .text     ro code  0x080003e4    0x4  startup_stm32f10x_md_vl.o [1]
  .text     ro code  0x080003e8    0x4  startup_stm32f10x_md_vl.o [1]
  .text     ro code  0x080003ec    0x4  startup_stm32f10x_md_vl.o [1]
  .text     ro code  0x080003f0    0x4  startup_stm32f10x_md_vl.o [1]
  .text     ro code  0x080003f4    0x4  startup_stm32f10x_md_vl.o [1]
  .text     ro code  0x080003f8    0x4  startup_stm32f10x_md_vl.o [1]
  .text     ro code  0x080003fc    0x4  startup_stm32f10x_md_vl.o [1]
  .text     ro code  0x08000400    0x4  startup_stm32f10x_md_vl.o [1]
  .text     ro code  0x08000404    0x4  startup_stm32f10x_md_vl.o [1]
  .text     ro code  0x08000408    0x4  startup_stm32f10x_md_vl.o [1]
  .text     ro code  0x0800040c    0x4  startup_stm32f10x_md_vl.o [1]
  .text     ro code  0x08000410    0x4  startup_stm32f10x_md_vl.o [1]
  .text     ro code  0x08000414    0x4  startup_stm32f10x_md_vl.o [1]
  .text     ro code  0x08000418    0x4  startup_stm32f10x_md_vl.o [1]
  .text     ro code  0x0800041c    0x4  startup_stm32f10x_md_vl.o [1]
  .text     ro code  0x08000420    0x4  startup_stm32f10x_md_vl.o [1]
  .text     ro code  0x08000424    0x4  startup_stm32f10x_md_vl.o [1]
  .text     ro code  0x08000428    0x4  startup_stm32f10x_md_vl.o [1]
                   - 0x0800042c  0x30c

"P2":                            0x800
  CSTACK             0x20000000  0x800  <Block>
    CSTACK  uninit   0x20000000  0x800  <Block tail>
                   - 0x20000800  0x800



*******************************************************************************
*** MODULE SUMMARY
***

    Module                     ro code  rw data
    ------                     -------  -------
D:\Dokumente\STM32Projects\STM32F103C8-Playground\Debug\Obj: [1]
    main.o                         248
    startup_stm32f10x_md_vl.o      500
    system_stm32f10x.o             236
    -------------------------------------------
    Total:                         984

command line: [2]
    -------------------------------------------
    Total:

dl7M_tln.a: [3]
    exit.o                           4
    low_level_init.o                 4
    -------------------------------------------
    Total:                           8

rt7M_tl.a: [4]
    cexit.o                         10
    cmain.o                         30
    cstartup_M.o                    12
    -------------------------------------------
    Total:                          52

shb_l.a: [5]
    exit.o                          20
    -------------------------------------------
    Total:                          20

    Gaps                             4
    Linker created                        2 048
-----------------------------------------------
    Grand Total:                 1 068    2 048


*******************************************************************************
*** ENTRY LIST
***

Entry                      Address  Size  Type      Object
-----                      -------  ----  ----      ------
?main                   0x08000305        Code  Gb  cmain.o [4]
CSTACK$$Base            0x20000000         --   Gb  - Linker created -
CSTACK$$Limit           0x20000800         --   Gb  - Linker created -
Region$$Table$$Base     0x00000000         --   Gb  - Linker created -
Region$$Table$$Limit    0x00000000         --   Gb  - Linker created -
SystemInit              0x08000219  0xd8  Code  Gb  system_stm32f10x.o [1]
TIM2_IRQHandler         0x08000121  0x18  Code  Gb  main.o [1]
__cmain                 0x08000305        Code  Gb  cmain.o [4]
__exit                  0x08000339  0x14  Code  Gb  exit.o [5]
__iar_program_start     0x0800035d        Code  Gb  cstartup_M.o [4]
__iar_systems$$module {Abs}
                        0x00000001        Data  Gb  command line/config [2]
__low_level_init        0x08000323   0x4  Code  Gb  low_level_init.o [3]
__vector_table          0x08000000        Data  Gb  startup_stm32f10x_md_vl.o [1]
_call_main              0x08000311        Code  Gb  cmain.o [4]
_exit                   0x0800032d        Code  Gb  cexit.o [4]
_main                   0x0800031f        Code  Gb  cmain.o [4]
exit                    0x08000327   0x4  Code  Gb  exit.o [3]
init_clock              0x08000169  0x64  Code  Gb  main.o [1]
main                    0x080001cd  0x2e  Code  Gb  main.o [1]
timer2_setup            0x08000139  0x2e  Code  Gb  main.o [1]


[1] = D:\Dokumente\STM32Projects\STM32F103C8-Playground\Debug\Obj
[2] = command line
[3] = dl7M_tln.a
[4] = rt7M_tl.a
[5] = shb_l.a

  1 068 bytes of readonly  code memory
  2 048 bytes of readwrite data memory

Errors: none
Warnings: none
