###############################################################################
#
# IAR ELF Linker V8.22.2.15995/W32 for ARM                24/Apr/2018  08:49:59
# Copyright 2007-2018 IAR Systems AB.
#
#    Output file  =  
#        D:\Dokumente\STM32Projects\STM32F103C8-Playground\Debug\Exe\project.out
#    Map file     =  
#        D:\Dokumente\STM32Projects\STM32F103C8-Playground\Debug\List\project.map
#    Command line =  
#        -f C:\Users\STANDA~1\AppData\Local\Temp\EWB521.tmp
#        (D:\Dokumente\STM32Projects\STM32F103C8-Playground\Debug\Obj\ILI9163C.o
#        D:\Dokumente\STM32Projects\STM32F103C8-Playground\Debug\Obj\main.o
#        D:\Dokumente\STM32Projects\STM32F103C8-Playground\Debug\Obj\SPI.o
#        D:\Dokumente\STM32Projects\STM32F103C8-Playground\Debug\Obj\startup_stm32f10x_md_vl.o
#        D:\Dokumente\STM32Projects\STM32F103C8-Playground\Debug\Obj\system_stm32f10x.o
#        D:\Dokumente\STM32Projects\STM32F103C8-Playground\Debug\Obj\utility.o
#        -o
#        D:\Dokumente\STM32Projects\STM32F103C8-Playground\Debug\Exe\project.out
#        --redirect _Printf=_PrintfFullNoMb --redirect _Scanf=_ScanfFullNoMb
#        --map
#        D:\Dokumente\STM32Projects\STM32F103C8-Playground\Debug\List\project.map
#        --config "D:\Programme\IAR Workbench ARM
#        822\arm\config\linker\ST\stm32f103x8.icf" --semihosting --entry
#        __iar_program_start --vfe --text_out locale)
#
###############################################################################

*******************************************************************************
*** RUNTIME MODEL ATTRIBUTES
***

CppFlavor       = *
__SystemLibrary = DLib
__dlib_version  = 6


*******************************************************************************
*** HEAP SELECTION
***

The basic heap was selected because no calls to memory allocation
functions were found in the application outside of system library
functions, and there are calls to deallocation functions in the
application.


*******************************************************************************
*** PLACEMENT SUMMARY
***

"A0":  place at 0x08000000 { ro section .intvec };
"P1":  place in [from 0x08000000 to 0x0800ffff] { ro };
define block CSTACK with size = 2K, alignment = 8 { };
define block HEAP with size = 2K, alignment = 8 { };
"P2":  place in [from 0x20000000 to 0x20004fff] {
          rw, block CSTACK, block HEAP };

No sections matched the following patterns:

  rw  in "P2"


  Section   Kind        Address   Size  Object
  -------   ----        -------   ----  ------
"A0":                            0x120
  .intvec   ro code  0x08000000  0x120  startup_stm32f10x_md_vl.o [1]
                   - 0x08000120  0x120

"P1":                            0x7b4
  .text     ro code  0x08000120  0x350  ILI9163C.o [1]
  .text     ro code  0x08000470  0x130  SPI.o [1]
  .text     ro code  0x080005a0   0x10  utility.o [1]
  .text     ro code  0x080005b0  0x110  main.o [1]
  .text     ro code  0x080006c0   0xec  system_stm32f10x.o [1]
  .text     ro code  0x080007ac   0x1e  cmain.o [4]
  .text     ro code  0x080007ca    0x4  low_level_init.o [3]
  .text     ro code  0x080007ce    0x4  exit.o [3]
  .text     ro code  0x080007d4    0xa  cexit.o [4]
  .text     ro code  0x080007e0   0x14  exit.o [5]
  .text     ro code  0x080007f4   0x10  startup_stm32f10x_md_vl.o [1]
  .text     ro code  0x08000804    0xc  cstartup_M.o [4]
  .text     ro code  0x08000810    0x4  startup_stm32f10x_md_vl.o [1]
  .text     ro code  0x08000814    0x4  startup_stm32f10x_md_vl.o [1]
  .text     ro code  0x08000818    0x4  startup_stm32f10x_md_vl.o [1]
  .text     ro code  0x0800081c    0x4  startup_stm32f10x_md_vl.o [1]
  .text     ro code  0x08000820    0x4  startup_stm32f10x_md_vl.o [1]
  .text     ro code  0x08000824    0x4  startup_stm32f10x_md_vl.o [1]
  .text     ro code  0x08000828    0x4  startup_stm32f10x_md_vl.o [1]
  .text     ro code  0x0800082c    0x4  startup_stm32f10x_md_vl.o [1]
  .text     ro code  0x08000830    0x4  startup_stm32f10x_md_vl.o [1]
  .text     ro code  0x08000834    0x4  startup_stm32f10x_md_vl.o [1]
  .text     ro code  0x08000838    0x4  startup_stm32f10x_md_vl.o [1]
  .text     ro code  0x0800083c    0x4  startup_stm32f10x_md_vl.o [1]
  .text     ro code  0x08000840    0x4  startup_stm32f10x_md_vl.o [1]
  .text     ro code  0x08000844    0x4  startup_stm32f10x_md_vl.o [1]
  .text     ro code  0x08000848    0x4  startup_stm32f10x_md_vl.o [1]
  .text     ro code  0x0800084c    0x4  startup_stm32f10x_md_vl.o [1]
  .text     ro code  0x08000850    0x4  startup_stm32f10x_md_vl.o [1]
  .text     ro code  0x08000854    0x4  startup_stm32f10x_md_vl.o [1]
  .text     ro code  0x08000858    0x4  startup_stm32f10x_md_vl.o [1]
  .text     ro code  0x0800085c    0x4  startup_stm32f10x_md_vl.o [1]
  .text     ro code  0x08000860    0x4  startup_stm32f10x_md_vl.o [1]
  .text     ro code  0x08000864    0x4  startup_stm32f10x_md_vl.o [1]
  .text     ro code  0x08000868    0x4  startup_stm32f10x_md_vl.o [1]
  .text     ro code  0x0800086c    0x4  startup_stm32f10x_md_vl.o [1]
  .text     ro code  0x08000870    0x4  startup_stm32f10x_md_vl.o [1]
  .text     ro code  0x08000874    0x4  startup_stm32f10x_md_vl.o [1]
  .text     ro code  0x08000878    0x4  startup_stm32f10x_md_vl.o [1]
  .text     ro code  0x0800087c    0x4  startup_stm32f10x_md_vl.o [1]
  .text     ro code  0x08000880    0x4  startup_stm32f10x_md_vl.o [1]
  .text     ro code  0x08000884    0x4  startup_stm32f10x_md_vl.o [1]
  .text     ro code  0x08000888    0x4  startup_stm32f10x_md_vl.o [1]
  .text     ro code  0x0800088c    0x4  startup_stm32f10x_md_vl.o [1]
  .text     ro code  0x08000890    0x4  startup_stm32f10x_md_vl.o [1]
  .text     ro code  0x08000894    0x4  startup_stm32f10x_md_vl.o [1]
  .text     ro code  0x08000898    0x4  startup_stm32f10x_md_vl.o [1]
  .text     ro code  0x0800089c    0x4  startup_stm32f10x_md_vl.o [1]
  .text     ro code  0x080008a0    0x4  startup_stm32f10x_md_vl.o [1]
  .text     ro code  0x080008a4    0x4  startup_stm32f10x_md_vl.o [1]
  .text     ro code  0x080008a8    0x4  startup_stm32f10x_md_vl.o [1]
  .text     ro code  0x080008ac    0x4  startup_stm32f10x_md_vl.o [1]
  .text     ro code  0x080008b0    0x4  startup_stm32f10x_md_vl.o [1]
  .text     ro code  0x080008b4    0x4  startup_stm32f10x_md_vl.o [1]
  .text     ro code  0x080008b8    0x4  startup_stm32f10x_md_vl.o [1]
  .text     ro code  0x080008bc    0x4  startup_stm32f10x_md_vl.o [1]
  .text     ro code  0x080008c0    0x4  startup_stm32f10x_md_vl.o [1]
  .text     ro code  0x080008c4    0x4  startup_stm32f10x_md_vl.o [1]
  .text     ro code  0x080008c8    0x4  startup_stm32f10x_md_vl.o [1]
  .text     ro code  0x080008cc    0x4  startup_stm32f10x_md_vl.o [1]
  .text     ro code  0x080008d0    0x4  startup_stm32f10x_md_vl.o [1]
                   - 0x080008d4  0x7b4

"P2":                            0x800
  CSTACK             0x20000000  0x800  <Block>
    CSTACK  uninit   0x20000000  0x800  <Block tail>
                   - 0x20000800  0x800



*******************************************************************************
*** MODULE SUMMARY
***

    Module                     ro code  rw data
    ------                     -------  -------
D:\Dokumente\STM32Projects\STM32F103C8-Playground\Debug\Obj: [1]
    ILI9163C.o                     848
    SPI.o                          304
    main.o                         272
    startup_stm32f10x_md_vl.o      500
    system_stm32f10x.o             236
    utility.o                       16
    -------------------------------------------
    Total:                       2 176

command line: [2]
    -------------------------------------------
    Total:

dl7M_tln.a: [3]
    exit.o                           4
    low_level_init.o                 4
    -------------------------------------------
    Total:                           8

rt7M_tl.a: [4]
    cexit.o                         10
    cmain.o                         30
    cstartup_M.o                    12
    -------------------------------------------
    Total:                          52

shb_l.a: [5]
    exit.o                          20
    -------------------------------------------
    Total:                          20

    Gaps                             4
    Linker created                        2 048
-----------------------------------------------
    Grand Total:                 2 260    2 048


*******************************************************************************
*** ENTRY LIST
***

Entry                      Address   Size  Type      Object
-----                      -------   ----  ----      ------
?main                   0x080007ad         Code  Gb  cmain.o [4]
CSTACK$$Base            0x20000000          --   Gb  - Linker created -
CSTACK$$Limit           0x20000800          --   Gb  - Linker created -
ILI9163C_init           0x080002a1  0x1c6  Code  Gb  ILI9163C.o [1]
Region$$Table$$Base     0x00000000          --   Gb  - Linker created -
Region$$Table$$Limit    0x00000000          --   Gb  - Linker created -
SystemInit              0x080006c1   0xd8  Code  Gb  system_stm32f10x.o [1]
TIM2_IRQHandler         0x080005b1   0x18  Code  Gb  main.o [1]
__cmain                 0x080007ad         Code  Gb  cmain.o [4]
__exit                  0x080007e1   0x14  Code  Gb  exit.o [5]
__iar_program_start     0x08000805         Code  Gb  cstartup_M.o [4]
__iar_systems$$module {Abs}
                        0x00000001         Data  Gb  command line/config [2]
__low_level_init        0x080007cb    0x4  Code  Gb  low_level_init.o [3]
__vector_table          0x08000000         Data  Gb  startup_stm32f10x_md_vl.o [1]
_call_main              0x080007b9         Code  Gb  cmain.o [4]
_exit                   0x080007d5         Code  Gb  cexit.o [4]
_main                   0x080007c7         Code  Gb  cmain.o [4]
a0_high                 0x08000549    0xc  Code  Gb  SPI.o [1]
a0_low                  0x08000555    0xc  Code  Gb  SPI.o [1]
clear                   0x0800024f   0x42  Code  Gb  ILI9163C.o [1]
cs_high                 0x0800056d    0xc  Code  Gb  SPI.o [1]
cs_low                  0x08000561    0xc  Code  Gb  SPI.o [1]
delay                   0x080005a1   0x10  Code  Gb  utility.o [1]
drawLine                0x080001a1   0xae  Code  Gb  ILI9163C.o [1]
drawPixel               0x0800015f   0x42  Code  Gb  ILI9163C.o [1]
exit                    0x080007cf    0x4  Code  Gb  exit.o [3]
init_SPI                0x08000471   0xb0  Code  Gb  SPI.o [1]
init_clock              0x080005c9   0x6c  Code  Gb  main.o [1]
main                    0x08000635   0x76  Code  Gb  main.o [1]
reset                   0x08000521   0x28  Code  Gb  SPI.o [1]
spi_transmit            0x0800057d   0x10  Code  Gb  SPI.o [1]
write_command           0x08000121    0xe  Code  Gb  ILI9163C.o [1]
write_data              0x0800012f    0xc  Code  Gb  ILI9163C.o [1]
write_data_16           0x08000149   0x16  Code  Gb  ILI9163C.o [1]


[1] = D:\Dokumente\STM32Projects\STM32F103C8-Playground\Debug\Obj
[2] = command line
[3] = dl7M_tln.a
[4] = rt7M_tl.a
[5] = shb_l.a

  2 260 bytes of readonly  code memory
  2 048 bytes of readwrite data memory

Errors: none
Warnings: none
